Time resolution is 1 ps

 sw=1 ; Expected : Output db is 1 after settling >> present db 0 
Time = 20 | sw=1 | m_tick=0 | Output db -> 0 
 
Time = 10015 | sw=1 | m_tick=1 | Output db -> 0 
 
Time = 10025 | sw=1 | m_tick=0 | Output db -> 0 
 
Time = 20015 | sw=1 | m_tick=1 | Output db -> 0 
 
Time = 20025 | sw=1 | m_tick=0 | Output db -> 0 
 
Time = 30015 | sw=1 | m_tick=1 | Output db -> 0 
 
Time = 30025 | sw=1 | m_tick=0 | Output db -> 1 
 
Time = 40015 | sw=1 | m_tick=1 | Output db -> 1 
 
   [PASSED] db = 1

 sw=0 (bouncy release); Expected : Output db is 0 >> present db 1 
Time = 40020 | sw=0 | m_tick=1 | Output db -> 1 
 
Time = 40025 | sw=0 | m_tick=0 | Output db -> 1 
 
Time = 40040 | sw=1 | m_tick=0 | Output db -> 1 
 
Time = 40060 | sw=0 | m_tick=0 | Output db -> 1 
 
Time = 40080 | sw=1 | m_tick=0 | Output db -> 1 
 
Time = 40100 | sw=0 | m_tick=0 | Output db -> 1 
 
Time = 50015 | sw=0 | m_tick=1 | Output db -> 1 
 
Time = 50025 | sw=0 | m_tick=0 | Output db -> 1 
 
Time = 60015 | sw=0 | m_tick=1 | Output db -> 1 
 
Time = 60025 | sw=0 | m_tick=0 | Output db -> 1 
 
Time = 70015 | sw=0 | m_tick=1 | Output db -> 1 
 
Time = 70025 | sw=0 | m_tick=0 | Output db -> 0 
 
Time = 80015 | sw=0 | m_tick=1 | Output db -> 0 
 
Time = 80025 | sw=0 | m_tick=0 | Output db -> 0 
 
   [PASSED] db = 0

 sw=1 (short glitch); Expected : Output db is 0 >> present db 0 
Time = 80100 | sw=1 | m_tick=0 | Output db -> 0 
 
Time = 80200 | sw=0 | m_tick=0 | Output db -> 0 
 
Time = 90015 | sw=0 | m_tick=1 | Output db -> 0 
 
Time = 90025 | sw=0 | m_tick=0 | Output db -> 0 
 
Time = 100015 | sw=0 | m_tick=1 | Output db -> 0 
 
Time = 100025 | sw=0 | m_tick=0 | Output db -> 0 
 
Time = 110015 | sw=0 | m_tick=1 | Output db -> 0 
 
Time = 110025 | sw=0 | m_tick=0 | Output db -> 0 
 
Time = 120015 | sw=0 | m_tick=1 | Output db -> 0 
 
Time = 120025 | sw=0 | m_tick=0 | Output db -> 0 
 
   [PASSED] db = 0

 sw=1 (clean press); Expected : Output db is 1 >> present db 0 
Time = 120200 | sw=1 | m_tick=0 | Output db -> 0 
 
Time = 130015 | sw=1 | m_tick=1 | Output db -> 0 
 
Time = 130025 | sw=1 | m_tick=0 | Output db -> 0 
 
Time = 140015 | sw=1 | m_tick=1 | Output db -> 0 
 
Time = 140025 | sw=1 | m_tick=0 | Output db -> 0 
 
Time = 150015 | sw=1 | m_tick=1 | Output db -> 0 
 
Time = 150025 | sw=1 | m_tick=0 | Output db -> 1 
 
Time = 160015 | sw=1 | m_tick=1 | Output db -> 1 
 
Time = 160025 | sw=1 | m_tick=0 | Output db -> 1 
 
   [PASSED] db = 1

 Async reset mid-transition; Expected : Output db is 0 >> present db 1 
Time = 160202 | sw=1 | m_tick=0 | Output db -> 0 
 
   [PASSED] db = 0
>>> FINAL RESULT: ALL 5 TESTS PASSED <<<
$finish called at time : 160274 ns : File "D:/ECE/FPGA Training NTI/Debouncing_Circuit/Debouncing_Circuit.srcs/sources_1/new/debouncing_circuit_tb.v" Line 121
