#-----------------------------------------------------------
# Vivado v2025.1 (64-bit)
# SW Build 6140274 on Thu May 22 00:12:29 MDT 2025
# IP Build 6138677 on Thu May 22 03:10:11 MDT 2025
# SharedData Build 6139179 on Tue May 20 17:58:58 MDT 2025
# Start of session at: Sun Jul 19 01:51:13 2026
# Process ID         : 11752
# Current directory  : D:/ECE/FPGA Training NTI/Even_parity_Generator_using_Generateblk
# Command line       : vivado.exe -gui_launcher_event rodinguilauncherevent20164 D:\ECE\FPGA Training NTI\Even_parity_Generator_using_Generateblk\Even_parity_Generator_using_Generateblk.xpr
# Log file           : D:/ECE/FPGA Training NTI/Even_parity_Generator_using_Generateblk/vivado.log
# Journal file       : D:/ECE/FPGA Training NTI/Even_parity_Generator_using_Generateblk\vivado.jou
# Running On         : MOHAMMED-SAEED
# Platform           : Windows Server 2016 or Windows 10
# Operating System   : 26200
# Processor Detail   : Intel(R) Core(TM) i7-8850H CPU @ 2.60GHz
# CPU Frequency      : 2592 MHz
# CPU Physical cores : 6
# CPU Logical cores  : 12
# Host memory        : 16960 MB
# Swap memory        : 3958 MB
# Total Virtual      : 20919 MB
# Available Virtual  : 2885 MB
#-----------------------------------------------------------
start_gui
open_project {D:/ECE/FPGA Training NTI/Even_parity_Generator_using_Generateblk/Even_parity_Generator_using_Generateblk.xpr}
WARNING: [Board 49-26] cannot add Board Part xilinx.com:emb-plus-vpr-4616:part0:1.0 available at C:/Xilinx/2025.1/data/xhub/boards\XilinxBoardStore\boards\Xilinx\emb-plus-vpr-4616\1.0\board.xml as part xcve2302-sfva784-2mp-e-s specified in board_part file is either invalid or not available
WARNING: [Board 49-26] cannot add Board Part xilinx.com:emb-plus-vpr-4616:part0:1.1 available at C:/Xilinx/2025.1/data/xhub/boards\XilinxBoardStore\boards\Xilinx\emb-plus-vpr-4616\1.1\board.xml as part xcve2302-sfva784-2mp-e-s specified in board_part file is either invalid or not available
WARNING: [Board 49-26] cannot add Board Part xilinx.com:k24c:part0:1.0 available at C:/Xilinx/2025.1/data/xhub/boards\XilinxBoardStore\boards\Xilinx\k24c\1.0\board.xml as part xck24-ubva530-2lv-c specified in board_part file is either invalid or not available
WARNING: [Board 49-26] cannot add Board Part xilinx.com:k24c:part0:1.1 available at C:/Xilinx/2025.1/data/xhub/boards\XilinxBoardStore\boards\Xilinx\k24c\1.1\board.xml as part xck24-ubva530-2lv-c specified in board_part file is either invalid or not available
WARNING: [Board 49-26] cannot add Board Part xilinx.com:k24i:part0:1.0 available at C:/Xilinx/2025.1/data/xhub/boards\XilinxBoardStore\boards\Xilinx\k24i\1.0\board.xml as part xck24-ubva530-2lvi-i specified in board_part file is either invalid or not available
WARNING: [Board 49-26] cannot add Board Part xilinx.com:k26c:part0:1.2 available at C:/Xilinx/2025.1/data/xhub/boards\XilinxBoardStore\boards\Xilinx\k26c\1.2\board.xml as part xck26-sfvc784-2lv-c specified in board_part file is either invalid or not available
WARNING: [Board 49-26] cannot add Board Part xilinx.com:k26c:part0:1.3 available at C:/Xilinx/2025.1/data/xhub/boards\XilinxBoardStore\boards\Xilinx\k26c\1.3\board.xml as part xck26-sfvc784-2lv-c specified in board_part file is either invalid or not available
WARNING: [Board 49-26] cannot add Board Part xilinx.com:k26c:part0:1.4 available at C:/Xilinx/2025.1/data/xhub/boards\XilinxBoardStore\boards\Xilinx\k26c\1.4\board.xml as part xck26-sfvc784-2lv-c specified in board_part file is either invalid or not available
WARNING: [Board 49-26] cannot add Board Part xilinx.com:k26i:part0:1.2 available at C:/Xilinx/2025.1/data/xhub/boards\XilinxBoardStore\boards\Xilinx\k26i\1.2\board.xml as part xck26-sfvc784-2lvi-i specified in board_part file is either invalid or not available
WARNING: [Board 49-26] cannot add Board Part xilinx.com:k26i:part0:1.3 available at C:/Xilinx/2025.1/data/xhub/boards\XilinxBoardStore\boards\Xilinx\k26i\1.3\board.xml as part xck26-sfvc784-2lvi-i specified in board_part file is either invalid or not available
WARNING: [Board 49-26] cannot add Board Part xilinx.com:k26i:part0:1.4 available at C:/Xilinx/2025.1/data/xhub/boards\XilinxBoardStore\boards\Xilinx\k26i\1.4\board.xml as part xck26-sfvc784-2lvi-i specified in board_part file is either invalid or not available
WARNING: [Board 49-26] cannot add Board Part xilinx.com:kcu105:part0:1.6 available at C:/Xilinx/2025.1/data/xhub/boards\XilinxBoardStore\boards\Xilinx\kcu105\1.6\board.xml as part xcku040-ffva1156-2-e specified in board_part file is either invalid or not available
WARNING: [Board 49-26] cannot add Board Part xilinx.com:kcu105:part0:1.7 available at C:/Xilinx/2025.1/data/xhub/boards\XilinxBoardStore\boards\Xilinx\kcu105\1.7\board.xml as part xcku040-ffva1156-2-e specified in board_part file is either invalid or not available
WARNING: [Board 49-26] cannot add Board Part xilinx.com:kcu116:part0:1.4 available at C:/Xilinx/2025.1/data/xhub/boards\XilinxBoardStore\boards\Xilinx\kcu116\1.4\board.xml as part xcku5p-ffvb676-2-e specified in board_part file is either invalid or not available
WARNING: [Board 49-26] cannot add Board Part xilinx.com:kcu116:part0:1.5 available at C:/Xilinx/2025.1/data/xhub/boards\XilinxBoardStore\boards\Xilinx\kcu116\1.5\board.xml as part xcku5p-ffvb676-2-e specified in board_part file is either invalid or not available
WARNING: [Board 49-26] cannot add Board Part xilinx.com:kcu1500:part0:1.2 available at C:/Xilinx/2025.1/data/xhub/boards\XilinxBoardStore\boards\Xilinx\kcu1500\1.2\board.xml as part xcku115-flvb2104-2-e specified in board_part file is either invalid or not available
WARNING: [Board 49-26] cannot add Board Part xilinx.com:kd240_som:part0:1.0 available at C:/Xilinx/2025.1/data/xhub/boards\XilinxBoardStore\boards\Xilinx\kd240_som\1.0\board.xml as part xck24-ubva530-2lv-c specified in board_part file is either invalid or not available
WARNING: [Board 49-26] cannot add Board Part xilinx.com:kd240_som:part0:1.1 available at C:/Xilinx/2025.1/data/xhub/boards\XilinxBoardStore\boards\Xilinx\kd240_som\1.1\board.xml as part xck24-ubva530-2lv-c specified in board_part file is either invalid or not available
WARNING: [Board 49-26] cannot add Board Part xilinx.com:kr260_som:part0:1.0 available at C:/Xilinx/2025.1/data/xhub/boards\XilinxBoardStore\boards\Xilinx\kr260_som\1.0\board.xml as part xck26-sfvc784-2lv-c specified in board_part file is either invalid or not available
WARNING: [Board 49-26] cannot add Board Part xilinx.com:kr260_som:part0:1.1 available at C:/Xilinx/2025.1/data/xhub/boards\XilinxBoardStore\boards\Xilinx\kr260_som\1.1\board.xml as part xck26-sfvc784-2lv-c specified in board_part file is either invalid or not available
WARNING: [Board 49-26] cannot add Board Part xilinx.com:kv260_som:part0:1.2 available at C:/Xilinx/2025.1/data/xhub/boards\XilinxBoardStore\boards\Xilinx\kv260_som\1.2\board.xml as part xck26-sfvc784-2lv-c specified in board_part file is either invalid or not available
WARNING: [Board 49-26] cannot add Board Part xilinx.com:kv260_som:part0:1.3 available at C:/Xilinx/2025.1/data/xhub/boards\XilinxBoardStore\boards\Xilinx\kv260_som\1.3\board.xml as part xck26-sfvc784-2lv-c specified in board_part file is either invalid or not available
WARNING: [Board 49-26] cannot add Board Part xilinx.com:kv260_som:part0:1.4 available at C:/Xilinx/2025.1/data/xhub/boards\XilinxBoardStore\boards\Xilinx\kv260_som\1.4\board.xml as part xck26-sfvc784-2lv-c specified in board_part file is either invalid or not available
WARNING: [Board 49-26] cannot add Board Part xilinx.com:scu35:part0:1.0 available at C:/Xilinx/2025.1/data/xhub/boards\XilinxBoardStore\boards\Xilinx\scu35\1.0\board.xml as part xcsu35p-sbvb625-2-e specified in board_part file is either invalid or not available
WARNING: [Board 49-26] cannot add Board Part xilinx.com:v80:part0:1.0 available at C:/Xilinx/2025.1/data/xhub/boards\XilinxBoardStore\boards\Xilinx\v80\1.0\board.xml as part xcv80-lsva4737-2mhp-e-s specified in board_part file is either invalid or not available
WARNING: [Board 49-26] cannot add Board Part xilinx.com:vck190:part0:2.2 available at C:/Xilinx/2025.1/data/xhub/boards\XilinxBoardStore\boards\Xilinx\vck190\production\2.2\board.xml as part xcvc1902-vsva2197-2mp-e-s specified in board_part file is either invalid or not available
WARNING: [Board 49-26] cannot add Board Part xilinx.com:vck190:part0:3.0 available at C:/Xilinx/2025.1/data/xhub/boards\XilinxBoardStore\boards\Xilinx\vck190\production\3.0\board.xml as part xcvc1902-vsva2197-2mp-e-s specified in board_part file is either invalid or not available
WARNING: [Board 49-26] cannot add Board Part xilinx.com:vck190:part0:3.1 available at C:/Xilinx/2025.1/data/xhub/boards\XilinxBoardStore\boards\Xilinx\vck190\production\3.1\board.xml as part xcvc1902-vsva2197-2mp-e-s specified in board_part file is either invalid or not available
WARNING: [Board 49-26] cannot add Board Part xilinx.com:vck190:part0:3.2 available at C:/Xilinx/2025.1/data/xhub/boards\XilinxBoardStore\boards\Xilinx\vck190\production\3.2\board.xml as part xcvc1902-vsva2197-2mp-e-s specified in board_part file is either invalid or not available
WARNING: [Board 49-26] cannot add Board Part xilinx.com:vck190:part0:3.3 available at C:/Xilinx/2025.1/data/xhub/boards\XilinxBoardStore\boards\Xilinx\vck190\production\3.3\board.xml as part xcvc1902-vsva2197-2mp-e-s specified in board_part file is either invalid or not available
WARNING: [Board 49-26] cannot add Board Part xilinx.com:vck190:part0:3.4 available at C:/Xilinx/2025.1/data/xhub/boards\XilinxBoardStore\boards\Xilinx\vck190\production\3.4\board.xml as part xcvc1902-vsva2197-2mp-e-s specified in board_part file is either invalid or not available
WARNING: [Board 49-26] cannot add Board Part xilinx.com:vck190_newl:part0:1.0 available at C:/Xilinx/2025.1/data/xhub/boards\XilinxBoardStore\boards\Xilinx\vck190_newl\production\1.0\board.xml as part xcvc1902-vsva2197-2mp-e-s specified in board_part file is either invalid or not available
WARNING: [Board 49-26] cannot add Board Part xilinx.com:vck190_newl:part0:1.1 available at C:/Xilinx/2025.1/data/xhub/boards\XilinxBoardStore\boards\Xilinx\vck190_newl\production\1.1\board.xml as part xcvc1902-vsva2197-2mp-e-s specified in board_part file is either invalid or not available
WARNING: [Board 49-26] cannot add Board Part xilinx.com:vck190_newl:part0:1.2 available at C:/Xilinx/2025.1/data/xhub/boards\XilinxBoardStore\boards\Xilinx\vck190_newl\production\1.2\board.xml as part xcvc1902-vsva2197-2mp-e-s specified in board_part file is either invalid or not available
WARNING: [Board 49-26] cannot add Board Part xilinx.com:vck190_newl:part0:1.3 available at C:/Xilinx/2025.1/data/xhub/boards\XilinxBoardStore\boards\Xilinx\vck190_newl\production\1.3\board.xml as part xcvc1902-vsva2197-2mp-e-s specified in board_part file is either invalid or not available
WARNING: [Board 49-26] cannot add Board Part xilinx.com:vcu108:part0:1.6 available at C:/Xilinx/2025.1/data/xhub/boards\XilinxBoardStore\boards\Xilinx\vcu108\1.6\board.xml as part xcvu095-ffva2104-2-e specified in board_part file is either invalid or not available
WARNING: [Board 49-26] cannot add Board Part xilinx.com:vcu108:part0:1.7 available at C:/Xilinx/2025.1/data/xhub/boards\XilinxBoardStore\boards\Xilinx\vcu108\1.7\board.xml as part xcvu095-ffva2104-2-e specified in board_part file is either invalid or not available
WARNING: [Board 49-26] cannot add Board Part xilinx.com:vcu110:part0:1.4 available at C:/Xilinx/2025.1/data/xhub/boards\XilinxBoardStore\boards\Xilinx\vcu110\1.4\board.xml as part xcvu190-flgc2104-2-e specified in board_part file is either invalid or not available
WARNING: [Board 49-26] cannot add Board Part xilinx.com:vcu118:part0:2.0 available at C:/Xilinx/2025.1/data/xhub/boards\XilinxBoardStore\boards\Xilinx\vcu118\2.0\board.xml as part xcvu9p-flga2104-2l-e specified in board_part file is either invalid or not available
WARNING: [Board 49-26] cannot add Board Part xilinx.com:vcu118:part0:2.3 available at C:/Xilinx/2025.1/data/xhub/boards\XilinxBoardStore\boards\Xilinx\vcu118\2.3\board.xml as part xcvu9p-flga2104-2l-e specified in board_part file is either invalid or not available
WARNING: [Board 49-26] cannot add Board Part xilinx.com:vcu118:part0:2.4 available at C:/Xilinx/2025.1/data/xhub/boards\XilinxBoardStore\boards\Xilinx\vcu118\2.4\board.xml as part xcvu9p-flga2104-2l-e specified in board_part file is either invalid or not available
WARNING: [Board 49-26] cannot add Board Part xilinx.com:vcu128:part0:1.0 available at C:/Xilinx/2025.1/data/xhub/boards\XilinxBoardStore\boards\Xilinx\vcu128\production\1.0\board.xml as part xcvu37p-fsvh2892-2l-e specified in board_part file is either invalid or not available
WARNING: [Board 49-26] cannot add Board Part xilinx.com:vcu129:part0:1.0 available at C:/Xilinx/2025.1/data/xhub/boards\XilinxBoardStore\boards\Xilinx\vcu129\production\1.0\board.xml as part xcvu29p-fsga2577-2l-e specified in board_part file is either invalid or not available
WARNING: [Board 49-26] cannot add Board Part xilinx.com:vcu1525:part0:1.3 available at C:/Xilinx/2025.1/data/xhub/boards\XilinxBoardStore\boards\Xilinx\vcu1525\1.3\board.xml as part xcvu9p-fsgd2104-2l-e specified in board_part file is either invalid or not available
WARNING: [Board 49-26] cannot add Board Part xilinx.com:vek280:part0:1.0 available at C:/Xilinx/2025.1/data/xhub/boards\XilinxBoardStore\boards\Xilinx\vek280\production\1.0\board.xml as part xcve2802-vsvh1760-2mp-e-s specified in board_part file is either invalid or not available
WARNING: [Board 49-26] cannot add Board Part xilinx.com:vek280:part0:1.1 available at C:/Xilinx/2025.1/data/xhub/boards\XilinxBoardStore\boards\Xilinx\vek280\production\1.1\board.xml as part xcve2802-vsvh1760-2mp-e-s specified in board_part file is either invalid or not available
WARNING: [Board 49-26] cannot add Board Part xilinx.com:vek280:part0:1.2 available at C:/Xilinx/2025.1/data/xhub/boards\XilinxBoardStore\boards\Xilinx\vek280\production\1.2\board.xml as part xcve2802-vsvh1760-2mp-e-s specified in board_part file is either invalid or not available
WARNING: [Board 49-26] cannot add Board Part xilinx.com:vek385:part0:1.0 available at C:/Xilinx/2025.1/data/xhub/boards\XilinxBoardStore\boards\Xilinx\vek385\1.0\board.xml as part xc2ve3858-ssva2112-2mp-e-s specified in board_part file is either invalid or not available
WARNING: [Board 49-26] cannot add Board Part xilinx.com:vermeo_t1_mpsoc:part0:1.0 available at C:/Xilinx/2025.1/data/xhub/boards\XilinxBoardStore\boards\Xilinx\vermeo_t1_mpsoc\1.0\board.xml as part xczu19eg-ffvd1760-2l-e specified in board_part file is either invalid or not available
WARNING: [Board 49-26] cannot add Board Part xilinx.com:vermeo_t1_rfsoc:part0:1.0 available at C:/Xilinx/2025.1/data/xhub/boards\XilinxBoardStore\boards\Xilinx\vermeo_t1_rfsoc\1.0\board.xml as part xczu21dr-ffvd1156-2l-e specified in board_part file is either invalid or not available
WARNING: [Board 49-26] cannot add Board Part xilinx.com:vhk158:part0:1.0 available at C:/Xilinx/2025.1/data/xhub/boards\XilinxBoardStore\boards\Xilinx\vhk158\production\1.0\board.xml as part xcvh1582-vsva3697-2mp-e-s specified in board_part file is either invalid or not available
WARNING: [Board 49-26] cannot add Board Part xilinx.com:vhk158:part0:1.1 available at C:/Xilinx/2025.1/data/xhub/boards\XilinxBoardStore\boards\Xilinx\vhk158\production\1.1\board.xml as part xcvh1582-vsva3697-2mp-e-s specified in board_part file is either invalid or not available
WARNING: [Board 49-26] cannot add Board Part xilinx.com:vhk158:part0:1.2 available at C:/Xilinx/2025.1/data/xhub/boards\XilinxBoardStore\boards\Xilinx\vhk158\production\1.2\board.xml as part xcvh1582-vsva3697-2mp-e-s specified in board_part file is either invalid or not available
WARNING: [Board 49-26] cannot add Board Part xilinx.com:vmk180:part0:2.2 available at C:/Xilinx/2025.1/data/xhub/boards\XilinxBoardStore\boards\Xilinx\vmk180\production\2.2\board.xml as part xcvm1802-vsva2197-2mp-e-s specified in board_part file is either invalid or not available
WARNING: [Board 49-26] cannot add Board Part xilinx.com:vmk180:part0:3.0 available at C:/Xilinx/2025.1/data/xhub/boards\XilinxBoardStore\boards\Xilinx\vmk180\production\3.0\board.xml as part xcvm1802-vsva2197-2mp-e-s specified in board_part file is either invalid or not available
WARNING: [Board 49-26] cannot add Board Part xilinx.com:vmk180:part0:3.1 available at C:/Xilinx/2025.1/data/xhub/boards\XilinxBoardStore\boards\Xilinx\vmk180\production\3.1\board.xml as part xcvm1802-vsva2197-2mp-e-s specified in board_part file is either invalid or not available
WARNING: [Board 49-26] cannot add Board Part xilinx.com:vmk180:part0:3.2 available at C:/Xilinx/2025.1/data/xhub/boards\XilinxBoardStore\boards\Xilinx\vmk180\production\3.2\board.xml as part xcvm1802-vsva2197-2mp-e-s specified in board_part file is either invalid or not available
WARNING: [Board 49-26] cannot add Board Part xilinx.com:vmk180:part0:3.3 available at C:/Xilinx/2025.1/data/xhub/boards\XilinxBoardStore\boards\Xilinx\vmk180\production\3.3\board.xml as part xcvm1802-vsva2197-2mp-e-s specified in board_part file is either invalid or not available
WARNING: [Board 49-26] cannot add Board Part xilinx.com:vmk180_newl:part0:1.0 available at C:/Xilinx/2025.1/data/xhub/boards\XilinxBoardStore\boards\Xilinx\vmk180_newl\production\1.0\board.xml as part xcvm1802-vsva2197-2mp-e-s specified in board_part file is either invalid or not available
WARNING: [Board 49-26] cannot add Board Part xilinx.com:vmk180_newl:part0:1.1 available at C:/Xilinx/2025.1/data/xhub/boards\XilinxBoardStore\boards\Xilinx\vmk180_newl\production\1.1\board.xml as part xcvm1802-vsva2197-2mp-e-s specified in board_part file is either invalid or not available
WARNING: [Board 49-26] cannot add Board Part xilinx.com:vpk120:part0:1.0 available at C:/Xilinx/2025.1/data/xhub/boards\XilinxBoardStore\boards\Xilinx\vpk120\production\1.0\board.xml as part xcvp1202-vsva2785-2mp-e-s specified in board_part file is either invalid or not available
WARNING: [Board 49-26] cannot add Board Part xilinx.com:vpk120:part0:1.1 available at C:/Xilinx/2025.1/data/xhub/boards\XilinxBoardStore\boards\Xilinx\vpk120\production\1.1\board.xml as part xcvp1202-vsva2785-2mp-e-s specified in board_part file is either invalid or not available
WARNING: [Board 49-26] cannot add Board Part xilinx.com:vpk120:part0:1.2 available at C:/Xilinx/2025.1/data/xhub/boards\XilinxBoardStore\boards\Xilinx\vpk120\production\1.2\board.xml as part xcvp1202-vsva2785-2mp-e-s specified in board_part file is either invalid or not available
WARNING: [Board 49-26] cannot add Board Part xilinx.com:vpk180:part0:1.0 available at C:/Xilinx/2025.1/data/xhub/boards\XilinxBoardStore\boards\Xilinx\vpk180\production\1.0\board.xml as part xcvp1802-lsvc4072-2mp-e-s specified in board_part file is either invalid or not available
WARNING: [Board 49-26] cannot add Board Part xilinx.com:vpk180:part0:1.1 available at C:/Xilinx/2025.1/data/xhub/boards\XilinxBoardStore\boards\Xilinx\vpk180\production\1.1\board.xml as part xcvp1802-lsvc4072-2mp-e-s specified in board_part file is either invalid or not available
WARNING: [Board 49-26] cannot add Board Part xilinx.com:vpk180:part0:1.2 available at C:/Xilinx/2025.1/data/xhub/boards\XilinxBoardStore\boards\Xilinx\vpk180\production\1.2\board.xml as part xcvp1802-lsvc4072-2mp-e-s specified in board_part file is either invalid or not available
WARNING: [Board 49-26] cannot add Board Part xilinx.com:zcu102:part0:3.3 available at C:/Xilinx/2025.1/data/xhub/boards\XilinxBoardStore\boards\Xilinx\zcu102\3.3\board.xml as part xczu9eg-ffvb1156-2-e specified in board_part file is either invalid or not available
WARNING: [Board 49-26] cannot add Board Part xilinx.com:zcu102:part0:3.4 available at C:/Xilinx/2025.1/data/xhub/boards\XilinxBoardStore\boards\Xilinx\zcu102\3.4\board.xml as part xczu9eg-ffvb1156-2-e specified in board_part file is either invalid or not available
WARNING: [Board 49-26] cannot add Board Part xilinx.com:zcu104:part0:1.1 available at C:/Xilinx/2025.1/data/xhub/boards\XilinxBoardStore\boards\Xilinx\zcu104\1.1\board.xml as part xczu7ev-ffvc1156-2-e specified in board_part file is either invalid or not available
WARNING: [Board 49-26] cannot add Board Part xilinx.com:zcu106:part0:2.4 available at C:/Xilinx/2025.1/data/xhub/boards\XilinxBoardStore\boards\Xilinx\zcu106\2.4\board.xml as part xczu7ev-ffvc1156-2-e specified in board_part file is either invalid or not available
WARNING: [Board 49-26] cannot add Board Part xilinx.com:zcu106:part0:2.5 available at C:/Xilinx/2025.1/data/xhub/boards\XilinxBoardStore\boards\Xilinx\zcu106\2.5\board.xml as part xczu7ev-ffvc1156-2-e specified in board_part file is either invalid or not available
WARNING: [Board 49-26] cannot add Board Part xilinx.com:zcu106:part0:2.6 available at C:/Xilinx/2025.1/data/xhub/boards\XilinxBoardStore\boards\Xilinx\zcu106\2.6\board.xml as part xczu7ev-ffvc1156-2-e specified in board_part file is either invalid or not available
WARNING: [Board 49-26] cannot add Board Part xilinx.com:zcu111:part0:1.2 available at C:/Xilinx/2025.1/data/xhub/boards\XilinxBoardStore\boards\Xilinx\zcu111\1.2\board.xml as part xczu28dr-ffvg1517-2-e specified in board_part file is either invalid or not available
WARNING: [Board 49-26] cannot add Board Part xilinx.com:zcu111:part0:1.3 available at C:/Xilinx/2025.1/data/xhub/boards\XilinxBoardStore\boards\Xilinx\zcu111\1.3\board.xml as part xczu28dr-ffvg1517-2-e specified in board_part file is either invalid or not available
WARNING: [Board 49-26] cannot add Board Part xilinx.com:zcu111:part0:1.4 available at C:/Xilinx/2025.1/data/xhub/boards\XilinxBoardStore\boards\Xilinx\zcu111\1.4\board.xml as part xczu28dr-ffvg1517-2-e specified in board_part file is either invalid or not available
WARNING: [Board 49-26] cannot add Board Part xilinx.com:zcu1275:part0:1.0 available at C:/Xilinx/2025.1/data/xhub/boards\XilinxBoardStore\boards\Xilinx\zcu1275\1.0\board.xml as part xczu29dr-ffvf1760-2-e specified in board_part file is either invalid or not available
WARNING: [Board 49-26] cannot add Board Part xilinx.com:zcu1285:part0:1.0 available at C:/Xilinx/2025.1/data/xhub/boards\XilinxBoardStore\boards\Xilinx\zcu1285\1.0\board.xml as part xczu39dr-ffvf1760-2-i specified in board_part file is either invalid or not available
WARNING: [Board 49-26] cannot add Board Part xilinx.com:zcu208:part0:2.0 available at C:/Xilinx/2025.1/data/xhub/boards\XilinxBoardStore\boards\Xilinx\zcu208\production\2.0\board.xml as part xczu48dr-fsvg1517-2-e specified in board_part file is either invalid or not available
WARNING: [Board 49-26] cannot add Board Part xilinx.com:zcu208ld:part0:2.0 available at C:/Xilinx/2025.1/data/xhub/boards\XilinxBoardStore\boards\Xilinx\zcu208ld\production\2.0\board.xml as part xczu58dr-fsvg1517-2-i specified in board_part file is either invalid or not available
WARNING: [Board 49-26] cannot add Board Part xilinx.com:zcu216:part0:2.0 available at C:/Xilinx/2025.1/data/xhub/boards\XilinxBoardStore\boards\Xilinx\zcu216\production\2.0\board.xml as part xczu49dr-ffvf1760-2-e specified in board_part file is either invalid or not available
WARNING: [Board 49-26] cannot add Board Part xilinx.com:zcu216ld:part0:2.0 available at C:/Xilinx/2025.1/data/xhub/boards\XilinxBoardStore\boards\Xilinx\zcu216ld\production\2.0\board.xml as part xczu59dr-ffvf1760-2-i specified in board_part file is either invalid or not available
WARNING: [Board 49-26] cannot add Board Part xilinx.com:zcu670:part0:2.0 available at C:/Xilinx/2025.1/data/xhub/boards\XilinxBoardStore\boards\Xilinx\zcu670\2.0\board.xml as part xczu67dr-fsve1156-2-i specified in board_part file is either invalid or not available
WARNING: [Board 49-26] cannot add Board Part xilinx.com:zcu670ld:part0:1.0 available at C:/Xilinx/2025.1/data/xhub/boards\XilinxBoardStore\boards\Xilinx\zcu670ld\1.0\board.xml as part xczu57dr-fsve1156-2-i specified in board_part file is either invalid or not available
INFO: [filemgmt 56-3] Default IP Output Path : Could not find the directory 'D:/ECE/FPGA Training NTI/Even_parity_Generator_using_Generateblk/Even_parity_Generator_using_Generateblk.gen/sources_1'.
Scanning sources...
Finished scanning sources
WARNING: [Board 49-26] cannot add Board Part xilinx.com:emb-plus-vpr-4616:part0:1.0 available at C:/Xilinx/2025.1/data/xhub/boards\XilinxBoardStore\boards\Xilinx\emb-plus-vpr-4616\1.0\board.xml as part xcve2302-sfva784-2mp-e-s specified in board_part file is either invalid or not available
WARNING: [Board 49-26] cannot add Board Part xilinx.com:emb-plus-vpr-4616:part0:1.1 available at C:/Xilinx/2025.1/data/xhub/boards\XilinxBoardStore\boards\Xilinx\emb-plus-vpr-4616\1.1\board.xml as part xcve2302-sfva784-2mp-e-s specified in board_part file is either invalid or not available
WARNING: [Board 49-26] cannot add Board Part xilinx.com:k24c:part0:1.0 available at C:/Xilinx/2025.1/data/xhub/boards\XilinxBoardStore\boards\Xilinx\k24c\1.0\board.xml as part xck24-ubva530-2lv-c specified in board_part file is either invalid or not available
WARNING: [Board 49-26] cannot add Board Part xilinx.com:k24c:part0:1.1 available at C:/Xilinx/2025.1/data/xhub/boards\XilinxBoardStore\boards\Xilinx\k24c\1.1\board.xml as part xck24-ubva530-2lv-c specified in board_part file is either invalid or not available
WARNING: [Board 49-26] cannot add Board Part xilinx.com:k24i:part0:1.0 available at C:/Xilinx/2025.1/data/xhub/boards\XilinxBoardStore\boards\Xilinx\k24i\1.0\board.xml as part xck24-ubva530-2lvi-i specified in board_part file is either invalid or not available
WARNING: [Board 49-26] cannot add Board Part xilinx.com:k26c:part0:1.2 available at C:/Xilinx/2025.1/data/xhub/boards\XilinxBoardStore\boards\Xilinx\k26c\1.2\board.xml as part xck26-sfvc784-2lv-c specified in board_part file is either invalid or not available
WARNING: [Board 49-26] cannot add Board Part xilinx.com:k26c:part0:1.3 available at C:/Xilinx/2025.1/data/xhub/boards\XilinxBoardStore\boards\Xilinx\k26c\1.3\board.xml as part xck26-sfvc784-2lv-c specified in board_part file is either invalid or not available
WARNING: [Board 49-26] cannot add Board Part xilinx.com:k26c:part0:1.4 available at C:/Xilinx/2025.1/data/xhub/boards\XilinxBoardStore\boards\Xilinx\k26c\1.4\board.xml as part xck26-sfvc784-2lv-c specified in board_part file is either invalid or not available
WARNING: [Board 49-26] cannot add Board Part xilinx.com:k26i:part0:1.2 available at C:/Xilinx/2025.1/data/xhub/boards\XilinxBoardStore\boards\Xilinx\k26i\1.2\board.xml as part xck26-sfvc784-2lvi-i specified in board_part file is either invalid or not available
WARNING: [Board 49-26] cannot add Board Part xilinx.com:k26i:part0:1.3 available at C:/Xilinx/2025.1/data/xhub/boards\XilinxBoardStore\boards\Xilinx\k26i\1.3\board.xml as part xck26-sfvc784-2lvi-i specified in board_part file is either invalid or not available
WARNING: [Board 49-26] cannot add Board Part xilinx.com:k26i:part0:1.4 available at C:/Xilinx/2025.1/data/xhub/boards\XilinxBoardStore\boards\Xilinx\k26i\1.4\board.xml as part xck26-sfvc784-2lvi-i specified in board_part file is either invalid or not available
WARNING: [Board 49-26] cannot add Board Part xilinx.com:kcu105:part0:1.6 available at C:/Xilinx/2025.1/data/xhub/boards\XilinxBoardStore\boards\Xilinx\kcu105\1.6\board.xml as part xcku040-ffva1156-2-e specified in board_part file is either invalid or not available
WARNING: [Board 49-26] cannot add Board Part xilinx.com:kcu105:part0:1.7 available at C:/Xilinx/2025.1/data/xhub/boards\XilinxBoardStore\boards\Xilinx\kcu105\1.7\board.xml as part xcku040-ffva1156-2-e specified in board_part file is either invalid or not available
WARNING: [Board 49-26] cannot add Board Part xilinx.com:kcu116:part0:1.4 available at C:/Xilinx/2025.1/data/xhub/boards\XilinxBoardStore\boards\Xilinx\kcu116\1.4\board.xml as part xcku5p-ffvb676-2-e specified in board_part file is either invalid or not available
WARNING: [Board 49-26] cannot add Board Part xilinx.com:kcu116:part0:1.5 available at C:/Xilinx/2025.1/data/xhub/boards\XilinxBoardStore\boards\Xilinx\kcu116\1.5\board.xml as part xcku5p-ffvb676-2-e specified in board_part file is either invalid or not available
WARNING: [Board 49-26] cannot add Board Part xilinx.com:kcu1500:part0:1.2 available at C:/Xilinx/2025.1/data/xhub/boards\XilinxBoardStore\boards\Xilinx\kcu1500\1.2\board.xml as part xcku115-flvb2104-2-e specified in board_part file is either invalid or not available
WARNING: [Board 49-26] cannot add Board Part xilinx.com:kd240_som:part0:1.0 available at C:/Xilinx/2025.1/data/xhub/boards\XilinxBoardStore\boards\Xilinx\kd240_som\1.0\board.xml as part xck24-ubva530-2lv-c specified in board_part file is either invalid or not available
INFO: [Common 17-14] Message 'Board 49-26' appears 100 times and further instances of the messages will be disabled. Use the Tcl command set_msg_config to change the current settings.
WARNING: [Project 1-5713] Board part '' set for the project  is not found. BoardPart property will be unset. Please select board from latest repo build 
INFO: [IP_Flow 19-234] Refreshing IP repositories
INFO: [IP_Flow 19-1704] No user IP repositories specified
INFO: [IP_Flow 19-2313] Loaded Vivado IP repository 'C:/Xilinx/2025.1/Vivado/data/ip'.
open_project: Time (s): cpu = 00:00:18 ; elapsed = 00:00:08 . Memory (MB): peak = 1600.027 ; gain = 177.309
update_compile_order -fileset sources_1
WARNING: [filemgmt 56-199] Attempt to get parsing info during refresh. "On-the-fly" syntax checking information may be incorrect. [D:\ECE\FPGA Training NTI\stream_parity_gen\stream_parity_gen.srcs\sources_1\new\stream_parity_tb.v:]
WARNING: [filemgmt 56-199] Attempt to get parsing info during refresh. "On-the-fly" syntax checking information may be incorrect. [D:\ECE\FPGA Training NTI\Even_parity_Generator_using_Generateblk\Even_parity_Generator_using_Generateblk.srcs\sources_1\new\even_parity_generate.v:]
WARNING: [filemgmt 56-199] Attempt to get parsing info during refresh. "On-the-fly" syntax checking information may be incorrect. [D:\ECE\FPGA Training NTI\Even_parity_Generator_using_Generateblk\Even_parity_Generator_using_Generateblk.srcs\sources_1\new\even_parity_generate.v:]
WARNING: [filemgmt 56-199] Attempt to get parsing info during refresh. "On-the-fly" syntax checking information may be incorrect. [D:\ECE\FPGA Training NTI\Even_parity_Generator_using_Generateblk\Even_parity_Generator_using_Generateblk.srcs\sources_1\new\even_parity_generate.v:]
ERROR: [Common 17-180] Spawn failed: The operation completed successfully.

synth_design -rtl -rtl_skip_mlo -name rtl_1
Command: synth_design -rtl -rtl_skip_mlo -name rtl_1
Starting synth_design
Using part: xc7vx485tffg1157-1
Top: stream_parity_gen_tb
INFO: [Device 21-403] Loading part xc7vx485tffg1157-1
INFO: [Synth 8-7079] Multithreading enabled for synth_design using a maximum of 2 processes.
INFO: [Synth 8-7078] Launching helper process for spawning children vivado processes
INFO: [Synth 8-7075] Helper process launched with PID 2772
---------------------------------------------------------------------------------
Starting RTL Elaboration : Time (s): cpu = 00:00:07 ; elapsed = 00:00:07 . Memory (MB): peak = 2605.961 ; gain = 487.105
---------------------------------------------------------------------------------
INFO: [Synth 8-6157] synthesizing module 'stream_parity_gen_tb' [D:/ECE/FPGA Training NTI/stream_parity_gen/stream_parity_gen.srcs/sources_1/new/stream_parity_tb.v:22]
WARNING: [Synth 8-11581] system task call 'monitor' not supported [D:/ECE/FPGA Training NTI/stream_parity_gen/stream_parity_gen.srcs/sources_1/new/stream_parity_tb.v:44]
WARNING: [Synth 8-6896] event control except as first statement of always block inside initial block, initial block items will be ignored [D:/ECE/FPGA Training NTI/stream_parity_gen/stream_parity_gen.srcs/sources_1/new/stream_parity_tb.v:53]
INFO: [Synth 8-6157] synthesizing module 'even_parity_generate' [D:/ECE/FPGA Training NTI/Even_parity_Generator_using_Generateblk/Even_parity_Generator_using_Generateblk.srcs/sources_1/new/even_parity_generate.v:89]
INFO: [Synth 8-6157] synthesizing module 'stream_parity_gen' [D:/ECE/FPGA Training NTI/Even_parity_Generator_using_Generateblk/Even_parity_Generator_using_Generateblk.srcs/sources_1/new/even_parity_generate.v:22]
	Parameter WIDTH bound to: 8 - type: integer 
INFO: [Synth 8-6157] synthesizing module 'register' [D:/ECE/FPGA Training NTI/Even_parity_Generator_using_Generateblk/Even_parity_Generator_using_Generateblk.srcs/sources_1/new/even_parity_generate.v:70]
INFO: [Synth 8-6155] done synthesizing module 'register' (0#1) [D:/ECE/FPGA Training NTI/Even_parity_Generator_using_Generateblk/Even_parity_Generator_using_Generateblk.srcs/sources_1/new/even_parity_generate.v:70]
INFO: [Synth 8-6155] done synthesizing module 'stream_parity_gen' (0#1) [D:/ECE/FPGA Training NTI/Even_parity_Generator_using_Generateblk/Even_parity_Generator_using_Generateblk.srcs/sources_1/new/even_parity_generate.v:22]
INFO: [Synth 8-6155] done synthesizing module 'even_parity_generate' (0#1) [D:/ECE/FPGA Training NTI/Even_parity_Generator_using_Generateblk/Even_parity_Generator_using_Generateblk.srcs/sources_1/new/even_parity_generate.v:89]
WARNING: [Synth 8-689] width (1) of port connection 'serial_in' does not match port width (8) of module 'even_parity_generate' [D:/ECE/FPGA Training NTI/stream_parity_gen/stream_parity_gen.srcs/sources_1/new/stream_parity_tb.v:30]
WARNING: [Synth 8-689] width (1) of port connection 'parity_out' does not match port width (8) of module 'even_parity_generate' [D:/ECE/FPGA Training NTI/stream_parity_gen/stream_parity_gen.srcs/sources_1/new/stream_parity_tb.v:31]
WARNING: [Synth 8-85] always block has no event control specified [D:/ECE/FPGA Training NTI/stream_parity_gen/stream_parity_gen.srcs/sources_1/new/stream_parity_tb.v:34]
INFO: [Synth 8-6155] done synthesizing module 'stream_parity_gen_tb' (0#1) [D:/ECE/FPGA Training NTI/stream_parity_gen/stream_parity_gen.srcs/sources_1/new/stream_parity_tb.v:22]
WARNING: [Synth 8-3848] Net rst in module/entity stream_parity_gen_tb does not have driver. [D:/ECE/FPGA Training NTI/stream_parity_gen/stream_parity_gen.srcs/sources_1/new/stream_parity_tb.v:24]
WARNING: [Synth 8-3848] Net serial_in in module/entity stream_parity_gen_tb does not have driver. [D:/ECE/FPGA Training NTI/stream_parity_gen/stream_parity_gen.srcs/sources_1/new/stream_parity_tb.v:25]
---------------------------------------------------------------------------------
Finished RTL Elaboration : Time (s): cpu = 00:00:08 ; elapsed = 00:00:08 . Memory (MB): peak = 2713.070 ; gain = 594.215
---------------------------------------------------------------------------------
---------------------------------------------------------------------------------
Start Handling Custom Attributes
---------------------------------------------------------------------------------
---------------------------------------------------------------------------------
Finished Handling Custom Attributes : Time (s): cpu = 00:00:08 ; elapsed = 00:00:08 . Memory (MB): peak = 2713.070 ; gain = 594.215
---------------------------------------------------------------------------------
---------------------------------------------------------------------------------
Finished RTL Optimization Phase 1 : Time (s): cpu = 00:00:08 ; elapsed = 00:00:08 . Memory (MB): peak = 2713.070 ; gain = 594.215
---------------------------------------------------------------------------------
Netlist sorting complete. Time (s): cpu = 00:00:00 ; elapsed = 00:00:00.001 . Memory (MB): peak = 2713.070 ; gain = 0.000
INFO: [Project 1-570] Preparing netlist for logic optimization

Processing XDC Constraints
Initializing timing engine
Completed Processing XDC Constraints

Netlist sorting complete. Time (s): cpu = 00:00:00 ; elapsed = 00:00:00 . Memory (MB): peak = 2815.141 ; gain = 0.000
INFO: [Project 1-111] Unisim Transformation Summary:
No Unisim elements were transformed.

RTL Elaboration Complete:  : Time (s): cpu = 00:00:23 ; elapsed = 00:00:18 . Memory (MB): peak = 3157.043 ; gain = 1038.188
14 Infos, 7 Warnings, 0 Critical Warnings and 0 Errors encountered.
synth_design completed successfully
synth_design: Time (s): cpu = 00:00:29 ; elapsed = 00:00:36 . Memory (MB): peak = 3157.043 ; gain = 1512.332
WARNING: [filemgmt 56-199] Attempt to get parsing info during refresh. "On-the-fly" syntax checking information may be incorrect. [D:\ECE\FPGA Training NTI\stream_parity_gen\stream_parity_gen.srcs\sources_1\new\stream_parity_tb.v:]
WARNING: [filemgmt 56-199] Attempt to get parsing info during refresh. "On-the-fly" syntax checking information may be incorrect. [D:\ECE\FPGA Training NTI\Even_parity_Generator_using_Generateblk\Even_parity_Generator_using_Generateblk.srcs\sources_1\new\even_parity_generate.v:]
WARNING: [filemgmt 56-199] Attempt to get parsing info during refresh. "On-the-fly" syntax checking information may be incorrect. [D:\ECE\FPGA Training NTI\Even_parity_Generator_using_Generateblk\Even_parity_Generator_using_Generateblk.srcs\sources_1\new\even_parity_generate.v:]
WARNING: [filemgmt 56-199] Attempt to get parsing info during refresh. "On-the-fly" syntax checking information may be incorrect. [D:\ECE\FPGA Training NTI\Even_parity_Generator_using_Generateblk\Even_parity_Generator_using_Generateblk.srcs\sources_1\new\even_parity_generate.v:]
ERROR: [Common 17-180] Spawn failed: The operation completed successfully.

refresh_design
INFO: [Synth 8-7079] Multithreading enabled for synth_design using a maximum of 2 processes.
---------------------------------------------------------------------------------
Starting RTL Elaboration : Time (s): cpu = 00:00:07 ; elapsed = 00:00:06 . Memory (MB): peak = 3313.059 ; gain = 113.203
---------------------------------------------------------------------------------
INFO: [Synth 8-6157] synthesizing module 'stream_parity_gen_tb' [D:/ECE/FPGA Training NTI/stream_parity_gen/stream_parity_gen.srcs/sources_1/new/stream_parity_tb.v:22]
WARNING: [Synth 8-11581] system task call 'monitor' not supported [D:/ECE/FPGA Training NTI/stream_parity_gen/stream_parity_gen.srcs/sources_1/new/stream_parity_tb.v:44]
WARNING: [Synth 8-6896] event control except as first statement of always block inside initial block, initial block items will be ignored [D:/ECE/FPGA Training NTI/stream_parity_gen/stream_parity_gen.srcs/sources_1/new/stream_parity_tb.v:53]
INFO: [Synth 8-6157] synthesizing module 'even_parity_generate' [D:/ECE/FPGA Training NTI/Even_parity_Generator_using_Generateblk/Even_parity_Generator_using_Generateblk.srcs/sources_1/new/even_parity_generate.v:89]
INFO: [Synth 8-6157] synthesizing module 'stream_parity_gen' [D:/ECE/FPGA Training NTI/Even_parity_Generator_using_Generateblk/Even_parity_Generator_using_Generateblk.srcs/sources_1/new/even_parity_generate.v:22]
	Parameter WIDTH bound to: 8 - type: integer 
INFO: [Synth 8-6157] synthesizing module 'register' [D:/ECE/FPGA Training NTI/Even_parity_Generator_using_Generateblk/Even_parity_Generator_using_Generateblk.srcs/sources_1/new/even_parity_generate.v:70]
INFO: [Synth 8-6155] done synthesizing module 'register' (0#1) [D:/ECE/FPGA Training NTI/Even_parity_Generator_using_Generateblk/Even_parity_Generator_using_Generateblk.srcs/sources_1/new/even_parity_generate.v:70]
INFO: [Synth 8-6155] done synthesizing module 'stream_parity_gen' (0#1) [D:/ECE/FPGA Training NTI/Even_parity_Generator_using_Generateblk/Even_parity_Generator_using_Generateblk.srcs/sources_1/new/even_parity_generate.v:22]
INFO: [Synth 8-6155] done synthesizing module 'even_parity_generate' (0#1) [D:/ECE/FPGA Training NTI/Even_parity_Generator_using_Generateblk/Even_parity_Generator_using_Generateblk.srcs/sources_1/new/even_parity_generate.v:89]
WARNING: [Synth 8-689] width (1) of port connection 'serial_in' does not match port width (8) of module 'even_parity_generate' [D:/ECE/FPGA Training NTI/stream_parity_gen/stream_parity_gen.srcs/sources_1/new/stream_parity_tb.v:30]
WARNING: [Synth 8-689] width (1) of port connection 'parity_out' does not match port width (8) of module 'even_parity_generate' [D:/ECE/FPGA Training NTI/stream_parity_gen/stream_parity_gen.srcs/sources_1/new/stream_parity_tb.v:31]
WARNING: [Synth 8-85] always block has no event control specified [D:/ECE/FPGA Training NTI/stream_parity_gen/stream_parity_gen.srcs/sources_1/new/stream_parity_tb.v:34]
INFO: [Synth 8-6155] done synthesizing module 'stream_parity_gen_tb' (0#1) [D:/ECE/FPGA Training NTI/stream_parity_gen/stream_parity_gen.srcs/sources_1/new/stream_parity_tb.v:22]
WARNING: [Synth 8-3848] Net rst in module/entity stream_parity_gen_tb does not have driver. [D:/ECE/FPGA Training NTI/stream_parity_gen/stream_parity_gen.srcs/sources_1/new/stream_parity_tb.v:24]
WARNING: [Synth 8-3848] Net serial_in in module/entity stream_parity_gen_tb does not have driver. [D:/ECE/FPGA Training NTI/stream_parity_gen/stream_parity_gen.srcs/sources_1/new/stream_parity_tb.v:25]
---------------------------------------------------------------------------------
Finished RTL Elaboration : Time (s): cpu = 00:00:09 ; elapsed = 00:00:08 . Memory (MB): peak = 3421.254 ; gain = 221.398
---------------------------------------------------------------------------------
---------------------------------------------------------------------------------
Start Handling Custom Attributes
---------------------------------------------------------------------------------
---------------------------------------------------------------------------------
Finished Handling Custom Attributes : Time (s): cpu = 00:00:09 ; elapsed = 00:00:08 . Memory (MB): peak = 3443.797 ; gain = 243.941
---------------------------------------------------------------------------------
---------------------------------------------------------------------------------
Finished RTL Optimization Phase 1 : Time (s): cpu = 00:00:09 ; elapsed = 00:00:08 . Memory (MB): peak = 3443.797 ; gain = 243.941
---------------------------------------------------------------------------------
Netlist sorting complete. Time (s): cpu = 00:00:00 ; elapsed = 00:00:00.001 . Memory (MB): peak = 3443.797 ; gain = 0.000
INFO: [Project 1-570] Preparing netlist for logic optimization

Processing XDC Constraints
Initializing timing engine
Completed Processing XDC Constraints

refresh_design: Time (s): cpu = 00:00:18 ; elapsed = 00:00:14 . Memory (MB): peak = 3443.797 ; gain = 243.941
WARNING: [filemgmt 56-199] Attempt to get parsing info during refresh. "On-the-fly" syntax checking information may be incorrect. [D:\ECE\FPGA Training NTI\stream_parity_gen\stream_parity_gen.srcs\sources_1\new\stream_parity_tb.v:]
WARNING: [filemgmt 56-199] Attempt to get parsing info during refresh. "On-the-fly" syntax checking information may be incorrect. [D:\ECE\FPGA Training NTI\Even_parity_Generator_using_Generateblk\Even_parity_Generator_using_Generateblk.srcs\sources_1\new\even_parity_generate.v:]
WARNING: [filemgmt 56-199] Attempt to get parsing info during refresh. "On-the-fly" syntax checking information may be incorrect. [D:\ECE\FPGA Training NTI\Even_parity_Generator_using_Generateblk\Even_parity_Generator_using_Generateblk.srcs\sources_1\new\even_parity_generate.v:]
WARNING: [filemgmt 56-199] Attempt to get parsing info during refresh. "On-the-fly" syntax checking information may be incorrect. [D:\ECE\FPGA Training NTI\Even_parity_Generator_using_Generateblk\Even_parity_Generator_using_Generateblk.srcs\sources_1\new\even_parity_generate.v:]
ERROR: [Common 17-180] Spawn failed: The operation completed successfully.

refresh_design
INFO: [Synth 8-7079] Multithreading enabled for synth_design using a maximum of 2 processes.
---------------------------------------------------------------------------------
Starting RTL Elaboration : Time (s): cpu = 00:00:12 ; elapsed = 00:00:13 . Memory (MB): peak = 3443.797 ; gain = 0.000
---------------------------------------------------------------------------------
INFO: [Synth 8-6157] synthesizing module 'stream_parity_gen_tb' [D:/ECE/FPGA Training NTI/stream_parity_gen/stream_parity_gen.srcs/sources_1/new/stream_parity_tb.v:22]
WARNING: [Synth 8-11581] system task call 'monitor' not supported [D:/ECE/FPGA Training NTI/stream_parity_gen/stream_parity_gen.srcs/sources_1/new/stream_parity_tb.v:44]
WARNING: [Synth 8-6896] event control except as first statement of always block inside initial block, initial block items will be ignored [D:/ECE/FPGA Training NTI/stream_parity_gen/stream_parity_gen.srcs/sources_1/new/stream_parity_tb.v:53]
INFO: [Synth 8-6157] synthesizing module 'stream_parity_Generator_Channel' [D:/ECE/FPGA Training NTI/Even_parity_Generator_using_Generateblk/Even_parity_Generator_using_Generateblk.srcs/sources_1/new/even_parity_generate.v:22]
INFO: [Synth 8-6157] synthesizing module 'register' [D:/ECE/FPGA Training NTI/Even_parity_Generator_using_Generateblk/Even_parity_Generator_using_Generateblk.srcs/sources_1/new/even_parity_generate.v:70]
INFO: [Synth 8-6155] done synthesizing module 'register' (0#1) [D:/ECE/FPGA Training NTI/Even_parity_Generator_using_Generateblk/Even_parity_Generator_using_Generateblk.srcs/sources_1/new/even_parity_generate.v:70]
INFO: [Synth 8-6155] done synthesizing module 'stream_parity_Generator_Channel' (0#1) [D:/ECE/FPGA Training NTI/Even_parity_Generator_using_Generateblk/Even_parity_Generator_using_Generateblk.srcs/sources_1/new/even_parity_generate.v:22]
WARNING: [Synth 8-85] always block has no event control specified [D:/ECE/FPGA Training NTI/stream_parity_gen/stream_parity_gen.srcs/sources_1/new/stream_parity_tb.v:34]
INFO: [Synth 8-6155] done synthesizing module 'stream_parity_gen_tb' (0#1) [D:/ECE/FPGA Training NTI/stream_parity_gen/stream_parity_gen.srcs/sources_1/new/stream_parity_tb.v:22]
WARNING: [Synth 8-3848] Net rst in module/entity stream_parity_gen_tb does not have driver. [D:/ECE/FPGA Training NTI/stream_parity_gen/stream_parity_gen.srcs/sources_1/new/stream_parity_tb.v:24]
WARNING: [Synth 8-3848] Net serial_in in module/entity stream_parity_gen_tb does not have driver. [D:/ECE/FPGA Training NTI/stream_parity_gen/stream_parity_gen.srcs/sources_1/new/stream_parity_tb.v:25]
---------------------------------------------------------------------------------
Finished RTL Elaboration : Time (s): cpu = 00:00:14 ; elapsed = 00:00:15 . Memory (MB): peak = 3443.797 ; gain = 0.000
---------------------------------------------------------------------------------
---------------------------------------------------------------------------------
Start Handling Custom Attributes
---------------------------------------------------------------------------------
---------------------------------------------------------------------------------
Finished Handling Custom Attributes : Time (s): cpu = 00:00:14 ; elapsed = 00:00:15 . Memory (MB): peak = 3457.164 ; gain = 13.367
---------------------------------------------------------------------------------
---------------------------------------------------------------------------------
Finished RTL Optimization Phase 1 : Time (s): cpu = 00:00:14 ; elapsed = 00:00:15 . Memory (MB): peak = 3457.164 ; gain = 13.367
---------------------------------------------------------------------------------
Netlist sorting complete. Time (s): cpu = 00:00:00 ; elapsed = 00:00:00 . Memory (MB): peak = 3459.723 ; gain = 0.000
INFO: [Project 1-570] Preparing netlist for logic optimization

Processing XDC Constraints
Initializing timing engine
Completed Processing XDC Constraints

refresh_design: Time (s): cpu = 00:00:24 ; elapsed = 00:00:22 . Memory (MB): peak = 3459.723 ; gain = 15.926
launch_simulation
Command: launch_simulation 
INFO: [Vivado 12-12493] Simulation top is 'stream_parity_gen_tb'
INFO: [Vivado 12-5682] Launching behavioral simulation in 'D:/ECE/FPGA Training NTI/Even_parity_Generator_using_Generateblk/Even_parity_Generator_using_Generateblk.sim/sim_1/behav/xsim'
INFO: [SIM-utils-51] Simulation object is 'sim_1'
INFO: [SIM-utils-72] Using boost library from 'C:/Xilinx/2025.1/Vivado/tps/boost_1_72_0'
INFO: [SIM-utils-54] Inspecting design source files for 'stream_parity_gen_tb' in fileset 'sim_1'...
INFO: [USF-XSim-97] Finding global include files...
INFO: [USF-XSim-98] Fetching design files from 'sim_1'...
INFO: [USF-XSim-2] XSim::Compile design
INFO: [USF-XSim-61] Executing 'COMPILE and ANALYZE' step in 'D:/ECE/FPGA Training NTI/Even_parity_Generator_using_Generateblk/Even_parity_Generator_using_Generateblk.sim/sim_1/behav/xsim'
"xvlog --incr --relax -prj stream_parity_gen_tb_vlog.prj"
INFO: [VRFC 10-2263] Analyzing Verilog file "D:/ECE/FPGA Training NTI/Even_parity_Generator_using_Generateblk/Even_parity_Generator_using_Generateblk.srcs/sources_1/new/even_parity_generate.v" into library xil_defaultlib
INFO: [VRFC 10-311] analyzing module stream_parity_Generator_Channel
INFO: [VRFC 10-311] analyzing module register
INFO: [VRFC 10-311] analyzing module even_parity_generate
INFO: [VRFC 10-2263] Analyzing Verilog file "D:/ECE/FPGA Training NTI/stream_parity_gen/stream_parity_gen.srcs/sources_1/new/stream_parity_tb.v" into library xil_defaultlib
INFO: [VRFC 10-311] analyzing module stream_parity_gen_tb
INFO: [VRFC 10-2263] Analyzing Verilog file "D:/ECE/FPGA Training NTI/Even_parity_Generator_using_Generateblk/Even_parity_Generator_using_Generateblk.sim/sim_1/behav/xsim/glbl.v" into library xil_defaultlib
INFO: [VRFC 10-311] analyzing module glbl
INFO: [USF-XSim-69] 'compile' step finished in '2' seconds
INFO: [USF-XSim-3] XSim::Elaborate design
INFO: [USF-XSim-61] Executing 'ELABORATE' step in 'D:/ECE/FPGA Training NTI/Even_parity_Generator_using_Generateblk/Even_parity_Generator_using_Generateblk.sim/sim_1/behav/xsim'
"xelab --incr --debug typical --relax --mt 2 -L xil_defaultlib -L unisims_ver -L unimacro_ver -L secureip --snapshot stream_parity_gen_tb_behav xil_defaultlib.stream_parity_gen_tb xil_defaultlib.glbl -log elaborate.log"
Vivado Simulator v2025.1.0
Copyright 1986-2022 Xilinx, Inc. All Rights Reserved.
Copyright 2022-2025 Advanced Micro Devices, Inc. All Rights Reserved.
Running: C:/Xilinx/2025.1/Vivado/bin/unwrapped/win64.o/xelab.exe --incr --debug typical --relax --mt 2 -L xil_defaultlib -L unisims_ver -L unimacro_ver -L secureip --snapshot stream_parity_gen_tb_behav xil_defaultlib.stream_parity_gen_tb xil_defaultlib.glbl -log elaborate.log 
Using 2 slave threads.
Starting static elaboration
Pass Through NonSizing Optimizer
Completed static elaboration
Starting simulation data flow analysis
Completed simulation data flow analysis
Time Resolution for simulation is 1ps
Compiling module xil_defaultlib.register
Compiling module xil_defaultlib.stream_parity_Generator_Channel_...
Compiling module xil_defaultlib.stream_parity_gen_tb
Compiling module xil_defaultlib.glbl
Built simulation snapshot stream_parity_gen_tb_behav
INFO: [USF-XSim-69] 'elaborate' step finished in '2' seconds
INFO: [USF-XSim-4] XSim::Simulate design
INFO: [USF-XSim-61] Executing 'SIMULATE' step in 'D:/ECE/FPGA Training NTI/Even_parity_Generator_using_Generateblk/Even_parity_Generator_using_Generateblk.sim/sim_1/behav/xsim'
INFO: [USF-XSim-98] *** Running xsim
   with args "stream_parity_gen_tb_behav -key {Behavioral:sim_1:Functional:stream_parity_gen_tb} -tclbatch {stream_parity_gen_tb.tcl} -log {simulate.log}"
INFO: [USF-XSim-8] Loading simulator feature
Time resolution is 1 ps
source stream_parity_gen_tb.tcl
# set curr_wave [current_wave_config]
# if { [string length $curr_wave] == 0 } {
#   if { [llength [get_objects]] > 0} {
#     add_wave /
#     set_property needs_save false [current_wave_config]
#   } else {
#      send_msg_id Add_Wave-1 WARNING "No top level signals found. Simulator will start without a wave window. If you want to open a wave window go to 'File->New Waveform Configuration' or type 'create_wave_config' in the TCL console."
#   }
# }
# run 1000ns
Time = 0 | serial_in = 0 | Internal stream_in = xxxxxxxx | parity_out = x
Time = 5 | serial_in = 0 | Internal stream_in = 00000000 | parity_out = 0
Time = 170 | serial_in = 1 | Internal stream_in = 00000000 | parity_out = 0
Time = 175 | serial_in = 1 | Internal stream_in = 00000001 | parity_out = 0
Time = 180 | serial_in = 0 | Internal stream_in = 00000001 | parity_out = 0
Time = 185 | serial_in = 0 | Internal stream_in = 00000010 | parity_out = 1
Time = 195 | serial_in = 0 | Internal stream_in = 00000100 | parity_out = 1
Time = 205 | serial_in = 0 | Internal stream_in = 00001000 | parity_out = 1
Time = 215 | serial_in = 0 | Internal stream_in = 00010000 | parity_out = 1
Time = 225 | serial_in = 0 | Internal stream_in = 00100000 | parity_out = 1
Time = 235 | serial_in = 0 | Internal stream_in = 01000000 | parity_out = 1
Time = 240 | serial_in = 1 | Internal stream_in = 01000000 | parity_out = 1
Time = 245 | serial_in = 1 | Internal stream_in = 10000001 | parity_out = 1
Time = 250 | serial_in = 0 | Internal stream_in = 10000001 | parity_out = 1
Time = 255 | serial_in = 0 | Internal stream_in = 00000010 | parity_out = 0
Time = 265 | serial_in = 0 | Internal stream_in = 00000100 | parity_out = 1
Time = 275 | serial_in = 0 | Internal stream_in = 00001000 | parity_out = 1
Time = 285 | serial_in = 0 | Internal stream_in = 00010000 | parity_out = 1
Time = 295 | serial_in = 0 | Internal stream_in = 00100000 | parity_out = 1
Time = 305 | serial_in = 0 | Internal stream_in = 01000000 | parity_out = 1
Time = 315 | serial_in = 0 | Internal stream_in = 10000000 | parity_out = 1
Time = 320 | serial_in = 1 | Internal stream_in = 10000000 | parity_out = 1
Time = 325 | serial_in = 1 | Internal stream_in = 00000001 | parity_out = 1
Time = 335 | serial_in = 1 | Internal stream_in = 00000011 | parity_out = 1
Time = 340 | serial_in = 0 | Internal stream_in = 00000011 | parity_out = 1
Time = 345 | serial_in = 0 | Internal stream_in = 00000110 | parity_out = 0
Time = 355 | serial_in = 0 | Internal stream_in = 00001100 | parity_out = 0
Time = 365 | serial_in = 0 | Internal stream_in = 00011000 | parity_out = 0
Time = 375 | serial_in = 0 | Internal stream_in = 00110000 | parity_out = 0
Time = 385 | serial_in = 0 | Internal stream_in = 01100000 | parity_out = 0
Time = 390 | serial_in = 1 | Internal stream_in = 01100000 | parity_out = 0
Time = 395 | serial_in = 1 | Internal stream_in = 11000001 | parity_out = 0
Time = 400 | serial_in = 0 | Internal stream_in = 11000001 | parity_out = 0
Time = 405 | serial_in = 0 | Internal stream_in = 10000010 | parity_out = 1
Time = 415 | serial_in = 0 | Internal stream_in = 00000100 | parity_out = 0
Time = 425 | serial_in = 0 | Internal stream_in = 00001000 | parity_out = 1
Time = 435 | serial_in = 0 | Internal stream_in = 00010000 | parity_out = 1
Time = 445 | serial_in = 0 | Internal stream_in = 00100000 | parity_out = 1
Time = 455 | serial_in = 0 | Internal stream_in = 01000000 | parity_out = 1
Time = 465 | serial_in = 0 | Internal stream_in = 10000000 | parity_out = 1
Time = 470 | serial_in = 1 | Internal stream_in = 10000000 | parity_out = 1
Time = 475 | serial_in = 1 | Internal stream_in = 00000001 | parity_out = 1
Time = 480 | serial_in = 0 | Internal stream_in = 00000001 | parity_out = 1
Time = 485 | serial_in = 0 | Internal stream_in = 00000010 | parity_out = 1
Time = 490 | serial_in = 1 | Internal stream_in = 00000010 | parity_out = 1
Time = 495 | serial_in = 1 | Internal stream_in = 00000101 | parity_out = 1
Time = 500 | serial_in = 0 | Internal stream_in = 00000101 | parity_out = 1
Time = 505 | serial_in = 0 | Internal stream_in = 00001010 | parity_out = 0
Time = 515 | serial_in = 0 | Internal stream_in = 00010100 | parity_out = 0
Time = 525 | serial_in = 0 | Internal stream_in = 00101000 | parity_out = 0
Time = 535 | serial_in = 0 | Internal stream_in = 01010000 | parity_out = 0
Time = 545 | serial_in = 0 | Internal stream_in = 10100000 | parity_out = 0
Time = 550 | serial_in = 1 | Internal stream_in = 10100000 | parity_out = 0
Time = 555 | serial_in = 1 | Internal stream_in = 01000001 | parity_out = 0
Time = 565 | serial_in = 1 | Internal stream_in = 10000011 | parity_out = 0
Time = 570 | serial_in = 0 | Internal stream_in = 10000011 | parity_out = 0
Time = 575 | serial_in = 0 | Internal stream_in = 00000110 | parity_out = 1
Time = 585 | serial_in = 0 | Internal stream_in = 00001100 | parity_out = 0
Time = 595 | serial_in = 0 | Internal stream_in = 00011000 | parity_out = 0
Time = 605 | serial_in = 0 | Internal stream_in = 00110000 | parity_out = 0
Time = 615 | serial_in = 0 | Internal stream_in = 01100000 | parity_out = 0
Time = 625 | serial_in = 0 | Internal stream_in = 11000000 | parity_out = 0
Time = 630 | serial_in = 1 | Internal stream_in = 11000000 | parity_out = 0
Time = 635 | serial_in = 1 | Internal stream_in = 10000001 | parity_out = 0
Time = 645 | serial_in = 1 | Internal stream_in = 00000011 | parity_out = 0
Time = 655 | serial_in = 1 | Internal stream_in = 00000111 | parity_out = 0
Time = 660 | serial_in = 0 | Internal stream_in = 00000111 | parity_out = 0
Time = 665 | serial_in = 0 | Internal stream_in = 00001110 | parity_out = 1
Time = 675 | serial_in = 0 | Internal stream_in = 00011100 | parity_out = 1
Time = 685 | serial_in = 0 | Internal stream_in = 00111000 | parity_out = 1
Time = 695 | serial_in = 0 | Internal stream_in = 01110000 | parity_out = 1
Time = 700 | serial_in = 1 | Internal stream_in = 01110000 | parity_out = 1
Time = 705 | serial_in = 1 | Internal stream_in = 11100001 | parity_out = 1
Time = 710 | serial_in = 0 | Internal stream_in = 11100001 | parity_out = 1
Time = 715 | serial_in = 0 | Internal stream_in = 11000010 | parity_out = 0
Time = 725 | serial_in = 0 | Internal stream_in = 10000100 | parity_out = 1
Time = 735 | serial_in = 0 | Internal stream_in = 00001000 | parity_out = 0
Time = 745 | serial_in = 0 | Internal stream_in = 00010000 | parity_out = 1
Time = 755 | serial_in = 0 | Internal stream_in = 00100000 | parity_out = 1
Time = 765 | serial_in = 0 | Internal stream_in = 01000000 | parity_out = 1
Time = 775 | serial_in = 0 | Internal stream_in = 10000000 | parity_out = 1
Time = 780 | serial_in = 1 | Internal stream_in = 10000000 | parity_out = 1
Time = 785 | serial_in = 1 | Internal stream_in = 00000001 | parity_out = 1
Time = 790 | serial_in = 0 | Internal stream_in = 00000001 | parity_out = 1
Time = 795 | serial_in = 0 | Internal stream_in = 00000010 | parity_out = 1
Time = 805 | serial_in = 0 | Internal stream_in = 00000100 | parity_out = 1
Time = 810 | serial_in = 1 | Internal stream_in = 00000100 | parity_out = 1
Time = 815 | serial_in = 1 | Internal stream_in = 00001001 | parity_out = 1
Time = 820 | serial_in = 0 | Internal stream_in = 00001001 | parity_out = 1
Time = 825 | serial_in = 0 | Internal stream_in = 00010010 | parity_out = 0
Time = 835 | serial_in = 0 | Internal stream_in = 00100100 | parity_out = 0
Time = 845 | serial_in = 0 | Internal stream_in = 01001000 | parity_out = 0
Time = 855 | serial_in = 0 | Internal stream_in = 10010000 | parity_out = 0
Time = 860 | serial_in = 1 | Internal stream_in = 10010000 | parity_out = 0
Time = 865 | serial_in = 1 | Internal stream_in = 00100001 | parity_out = 0
Time = 870 | serial_in = 0 | Internal stream_in = 00100001 | parity_out = 0
Time = 875 | serial_in = 0 | Internal stream_in = 01000010 | parity_out = 0
Time = 880 | serial_in = 1 | Internal stream_in = 01000010 | parity_out = 0
Time = 885 | serial_in = 1 | Internal stream_in = 10000101 | parity_out = 0
Time = 890 | serial_in = 0 | Internal stream_in = 10000101 | parity_out = 0
Time = 895 | serial_in = 0 | Internal stream_in = 00001010 | parity_out = 1
Time = 905 | serial_in = 0 | Internal stream_in = 00010100 | parity_out = 0
Time = 915 | serial_in = 0 | Internal stream_in = 00101000 | parity_out = 0
Time = 925 | serial_in = 0 | Internal stream_in = 01010000 | parity_out = 0
Time = 935 | serial_in = 0 | Internal stream_in = 10100000 | parity_out = 0
Time = 940 | serial_in = 1 | Internal stream_in = 10100000 | parity_out = 0
Time = 945 | serial_in = 1 | Internal stream_in = 01000001 | parity_out = 0
Time = 950 | serial_in = 0 | Internal stream_in = 01000001 | parity_out = 0
Time = 955 | serial_in = 0 | Internal stream_in = 10000010 | parity_out = 0
Time = 960 | serial_in = 1 | Internal stream_in = 10000010 | parity_out = 0
Time = 965 | serial_in = 1 | Internal stream_in = 00000101 | parity_out = 0
Time = 975 | serial_in = 1 | Internal stream_in = 00001011 | parity_out = 0
Time = 980 | serial_in = 0 | Internal stream_in = 00001011 | parity_out = 0
Time = 985 | serial_in = 0 | Internal stream_in = 00010110 | parity_out = 1
Time = 995 | serial_in = 0 | Internal stream_in = 00101100 | parity_out = 1
INFO: [USF-XSim-96] XSim completed. Design snapshot 'stream_parity_gen_tb_behav' loaded.
INFO: [USF-XSim-97] XSim simulation ran for 1000ns
launch_simulation: Time (s): cpu = 00:00:05 ; elapsed = 00:00:09 . Memory (MB): peak = 3459.723 ; gain = 0.000
WARNING: [filemgmt 56-199] Attempt to get parsing info during refresh. "On-the-fly" syntax checking information may be incorrect. [D:\ECE\FPGA Training NTI\stream_parity_gen\stream_parity_gen.srcs\sources_1\new\stream_parity_tb.v:]
WARNING: [filemgmt 56-199] Attempt to get parsing info during refresh. "On-the-fly" syntax checking information may be incorrect. [D:\ECE\FPGA Training NTI\Even_parity_Generator_using_Generateblk\Even_parity_Generator_using_Generateblk.srcs\sources_1\new\even_parity_generate.v:]
WARNING: [filemgmt 56-199] Attempt to get parsing info during refresh. "On-the-fly" syntax checking information may be incorrect. [D:\ECE\FPGA Training NTI\Even_parity_Generator_using_Generateblk\Even_parity_Generator_using_Generateblk.srcs\sources_1\new\even_parity_generate.v:]
WARNING: [filemgmt 56-199] Attempt to get parsing info during refresh. "On-the-fly" syntax checking information may be incorrect. [D:\ECE\FPGA Training NTI\Even_parity_Generator_using_Generateblk\Even_parity_Generator_using_Generateblk.srcs\sources_1\new\even_parity_generate.v:]
close_sim
INFO: [Simtcl 6-16] Simulation closed
launch_simulation
Command: launch_simulation 
INFO: [Vivado 12-12493] Simulation top is 'stream_parity_gen_tb'
INFO: [Vivado 12-5682] Launching behavioral simulation in 'D:/ECE/FPGA Training NTI/Even_parity_Generator_using_Generateblk/Even_parity_Generator_using_Generateblk.sim/sim_1/behav/xsim'
INFO: [SIM-utils-51] Simulation object is 'sim_1'
INFO: [SIM-utils-72] Using boost library from 'C:/Xilinx/2025.1/Vivado/tps/boost_1_72_0'
INFO: [SIM-utils-54] Inspecting design source files for 'stream_parity_gen_tb' in fileset 'sim_1'...
INFO: [USF-XSim-97] Finding global include files...
INFO: [USF-XSim-98] Fetching design files from 'sim_1'...
INFO: [USF-XSim-2] XSim::Compile design
INFO: [USF-XSim-61] Executing 'COMPILE and ANALYZE' step in 'D:/ECE/FPGA Training NTI/Even_parity_Generator_using_Generateblk/Even_parity_Generator_using_Generateblk.sim/sim_1/behav/xsim'
"xvlog --incr --relax -prj stream_parity_gen_tb_vlog.prj"
INFO: [VRFC 10-2263] Analyzing Verilog file "D:/ECE/FPGA Training NTI/Even_parity_Generator_using_Generateblk/Even_parity_Generator_using_Generateblk.srcs/sources_1/new/even_parity_generate.v" into library xil_defaultlib
INFO: [VRFC 10-311] analyzing module stream_parity_Generator_Channel
INFO: [VRFC 10-311] analyzing module register
INFO: [VRFC 10-311] analyzing module even_parity_generate
INFO: [VRFC 10-2263] Analyzing Verilog file "D:/ECE/FPGA Training NTI/stream_parity_gen/stream_parity_gen.srcs/sources_1/new/stream_parity_tb.v" into library xil_defaultlib
INFO: [VRFC 10-311] analyzing module stream_parity_gen_tb
INFO: [USF-XSim-69] 'compile' step finished in '2' seconds
INFO: [USF-XSim-3] XSim::Elaborate design
INFO: [USF-XSim-61] Executing 'ELABORATE' step in 'D:/ECE/FPGA Training NTI/Even_parity_Generator_using_Generateblk/Even_parity_Generator_using_Generateblk.sim/sim_1/behav/xsim'
"xelab --incr --debug typical --relax --mt 2 -L xil_defaultlib -L unisims_ver -L unimacro_ver -L secureip --snapshot stream_parity_gen_tb_behav xil_defaultlib.stream_parity_gen_tb xil_defaultlib.glbl -log elaborate.log"
Vivado Simulator v2025.1.0
Copyright 1986-2022 Xilinx, Inc. All Rights Reserved.
Copyright 2022-2025 Advanced Micro Devices, Inc. All Rights Reserved.
Running: C:/Xilinx/2025.1/Vivado/bin/unwrapped/win64.o/xelab.exe --incr --debug typical --relax --mt 2 -L xil_defaultlib -L unisims_ver -L unimacro_ver -L secureip --snapshot stream_parity_gen_tb_behav xil_defaultlib.stream_parity_gen_tb xil_defaultlib.glbl -log elaborate.log 
Using 2 slave threads.
Starting static elaboration
Pass Through NonSizing Optimizer
Completed static elaboration
Starting simulation data flow analysis
Completed simulation data flow analysis
Time Resolution for simulation is 1ps
Compiling module xil_defaultlib.register
Compiling module xil_defaultlib.stream_parity_Generator_Channel_...
Compiling module xil_defaultlib.stream_parity_gen_tb
Compiling module xil_defaultlib.glbl
Built simulation snapshot stream_parity_gen_tb_behav
INFO: [USF-XSim-69] 'elaborate' step finished in '2' seconds
INFO: [USF-XSim-4] XSim::Simulate design
INFO: [USF-XSim-61] Executing 'SIMULATE' step in 'D:/ECE/FPGA Training NTI/Even_parity_Generator_using_Generateblk/Even_parity_Generator_using_Generateblk.sim/sim_1/behav/xsim'
INFO: [USF-XSim-98] *** Running xsim
   with args "stream_parity_gen_tb_behav -key {Behavioral:sim_1:Functional:stream_parity_gen_tb} -tclbatch {stream_parity_gen_tb.tcl} -log {simulate.log}"
INFO: [USF-XSim-8] Loading simulator feature
Time resolution is 1 ps
source stream_parity_gen_tb.tcl
# set curr_wave [current_wave_config]
# if { [string length $curr_wave] == 0 } {
#   if { [llength [get_objects]] > 0} {
#     add_wave /
#     set_property needs_save false [current_wave_config]
#   } else {
#      send_msg_id Add_Wave-1 WARNING "No top level signals found. Simulator will start without a wave window. If you want to open a wave window go to 'File->New Waveform Configuration' or type 'create_wave_config' in the TCL console."
#   }
# }
# run 1000ns
Time = 0 | serial_in = 0 | Internal stream_in = xxxxxxxx | parity_out = x
Time = 5 | serial_in = 0 | Internal stream_in = 00000000 | parity_out = 0
Time = 190 | serial_in = 1 | Internal stream_in = 00000000 | parity_out = 0
Time = 195 | serial_in = 1 | Internal stream_in = 00000001 | parity_out = 0
Time = 200 | serial_in = 0 | Internal stream_in = 00000001 | parity_out = 0
Time = 205 | serial_in = 0 | Internal stream_in = 00000000 | parity_out = 0
Time = 280 | serial_in = 1 | Internal stream_in = 00000000 | parity_out = 0
Time = 285 | serial_in = 1 | Internal stream_in = 00000001 | parity_out = 0
Time = 290 | serial_in = 0 | Internal stream_in = 00000001 | parity_out = 0
Time = 295 | serial_in = 0 | Internal stream_in = 00000010 | parity_out = 1
Time = 305 | serial_in = 0 | Internal stream_in = 00000000 | parity_out = 0
Time = 380 | serial_in = 1 | Internal stream_in = 00000000 | parity_out = 0
Time = 385 | serial_in = 1 | Internal stream_in = 00000001 | parity_out = 0
Time = 395 | serial_in = 1 | Internal stream_in = 00000011 | parity_out = 1
Time = 400 | serial_in = 0 | Internal stream_in = 00000011 | parity_out = 1
Time = 405 | serial_in = 0 | Internal stream_in = 00000000 | parity_out = 0
Time = 470 | serial_in = 1 | Internal stream_in = 00000000 | parity_out = 0
Time = 475 | serial_in = 1 | Internal stream_in = 00000001 | parity_out = 0
Time = 480 | serial_in = 0 | Internal stream_in = 00000001 | parity_out = 0
Time = 485 | serial_in = 0 | Internal stream_in = 00000010 | parity_out = 1
Time = 495 | serial_in = 0 | Internal stream_in = 00000100 | parity_out = 1
Time = 505 | serial_in = 0 | Internal stream_in = 00000000 | parity_out = 0
Time = 570 | serial_in = 1 | Internal stream_in = 00000000 | parity_out = 0
Time = 575 | serial_in = 1 | Internal stream_in = 00000001 | parity_out = 0
Time = 580 | serial_in = 0 | Internal stream_in = 00000001 | parity_out = 0
Time = 585 | serial_in = 0 | Internal stream_in = 00000010 | parity_out = 1
Time = 590 | serial_in = 1 | Internal stream_in = 00000010 | parity_out = 1
Time = 595 | serial_in = 1 | Internal stream_in = 00000101 | parity_out = 1
Time = 600 | serial_in = 0 | Internal stream_in = 00000101 | parity_out = 1
Time = 605 | serial_in = 0 | Internal stream_in = 00000000 | parity_out = 0
Time = 670 | serial_in = 1 | Internal stream_in = 00000000 | parity_out = 0
Time = 675 | serial_in = 1 | Internal stream_in = 00000001 | parity_out = 0
Time = 685 | serial_in = 1 | Internal stream_in = 00000011 | parity_out = 1
Time = 690 | serial_in = 0 | Internal stream_in = 00000011 | parity_out = 1
Time = 695 | serial_in = 0 | Internal stream_in = 00000110 | parity_out = 0
Time = 705 | serial_in = 0 | Internal stream_in = 00000000 | parity_out = 0
Time = 770 | serial_in = 1 | Internal stream_in = 00000000 | parity_out = 0
Time = 775 | serial_in = 1 | Internal stream_in = 00000001 | parity_out = 0
Time = 785 | serial_in = 1 | Internal stream_in = 00000011 | parity_out = 1
Time = 795 | serial_in = 1 | Internal stream_in = 00000111 | parity_out = 0
Time = 800 | serial_in = 0 | Internal stream_in = 00000111 | parity_out = 0
Time = 805 | serial_in = 0 | Internal stream_in = 00000000 | parity_out = 0
Time = 860 | serial_in = 1 | Internal stream_in = 00000000 | parity_out = 0
Time = 865 | serial_in = 1 | Internal stream_in = 00000001 | parity_out = 0
Time = 870 | serial_in = 0 | Internal stream_in = 00000001 | parity_out = 0
Time = 875 | serial_in = 0 | Internal stream_in = 00000010 | parity_out = 1
Time = 885 | serial_in = 0 | Internal stream_in = 00000100 | parity_out = 1
Time = 895 | serial_in = 0 | Internal stream_in = 00001000 | parity_out = 1
Time = 905 | serial_in = 0 | Internal stream_in = 00000000 | parity_out = 0
Time = 960 | serial_in = 1 | Internal stream_in = 00000000 | parity_out = 0
Time = 965 | serial_in = 1 | Internal stream_in = 00000001 | parity_out = 0
Time = 970 | serial_in = 0 | Internal stream_in = 00000001 | parity_out = 0
Time = 975 | serial_in = 0 | Internal stream_in = 00000010 | parity_out = 1
Time = 985 | serial_in = 0 | Internal stream_in = 00000100 | parity_out = 1
Time = 990 | serial_in = 1 | Internal stream_in = 00000100 | parity_out = 1
Time = 995 | serial_in = 1 | Internal stream_in = 00001001 | parity_out = 1
Time = 1000 | serial_in = 0 | Internal stream_in = 00001001 | parity_out = 1
INFO: [USF-XSim-96] XSim completed. Design snapshot 'stream_parity_gen_tb_behav' loaded.
INFO: [USF-XSim-97] XSim simulation ran for 1000ns
launch_simulation: Time (s): cpu = 00:00:04 ; elapsed = 00:00:06 . Memory (MB): peak = 3459.723 ; gain = 0.000
close_sim
INFO: [Simtcl 6-16] Simulation closed
launch_simulation
Command: launch_simulation 
INFO: [Vivado 12-12493] Simulation top is 'stream_parity_gen_tb'
INFO: [Vivado 12-5682] Launching behavioral simulation in 'D:/ECE/FPGA Training NTI/Even_parity_Generator_using_Generateblk/Even_parity_Generator_using_Generateblk.sim/sim_1/behav/xsim'
INFO: [SIM-utils-51] Simulation object is 'sim_1'
INFO: [SIM-utils-72] Using boost library from 'C:/Xilinx/2025.1/Vivado/tps/boost_1_72_0'
INFO: [SIM-utils-54] Inspecting design source files for 'stream_parity_gen_tb' in fileset 'sim_1'...
INFO: [USF-XSim-97] Finding global include files...
INFO: [USF-XSim-98] Fetching design files from 'sim_1'...
INFO: [USF-XSim-2] XSim::Compile design
INFO: [USF-XSim-61] Executing 'COMPILE and ANALYZE' step in 'D:/ECE/FPGA Training NTI/Even_parity_Generator_using_Generateblk/Even_parity_Generator_using_Generateblk.sim/sim_1/behav/xsim'
"xvlog --incr --relax -prj stream_parity_gen_tb_vlog.prj"
INFO: [VRFC 10-2263] Analyzing Verilog file "D:/ECE/FPGA Training NTI/Even_parity_Generator_using_Generateblk/Even_parity_Generator_using_Generateblk.srcs/sources_1/new/even_parity_generate.v" into library xil_defaultlib
INFO: [VRFC 10-311] analyzing module stream_parity_Generator_Channel
INFO: [VRFC 10-311] analyzing module register
INFO: [VRFC 10-311] analyzing module even_parity_generate
INFO: [VRFC 10-2263] Analyzing Verilog file "D:/ECE/FPGA Training NTI/stream_parity_gen/stream_parity_gen.srcs/sources_1/new/stream_parity_tb.v" into library xil_defaultlib
INFO: [VRFC 10-311] analyzing module stream_parity_gen_tb
INFO: [USF-XSim-69] 'compile' step finished in '1' seconds
INFO: [USF-XSim-3] XSim::Elaborate design
INFO: [USF-XSim-61] Executing 'ELABORATE' step in 'D:/ECE/FPGA Training NTI/Even_parity_Generator_using_Generateblk/Even_parity_Generator_using_Generateblk.sim/sim_1/behav/xsim'
"xelab --incr --debug typical --relax --mt 2 -L xil_defaultlib -L unisims_ver -L unimacro_ver -L secureip --snapshot stream_parity_gen_tb_behav xil_defaultlib.stream_parity_gen_tb xil_defaultlib.glbl -log elaborate.log"
Vivado Simulator v2025.1.0
Copyright 1986-2022 Xilinx, Inc. All Rights Reserved.
Copyright 2022-2025 Advanced Micro Devices, Inc. All Rights Reserved.
Running: C:/Xilinx/2025.1/Vivado/bin/unwrapped/win64.o/xelab.exe --incr --debug typical --relax --mt 2 -L xil_defaultlib -L unisims_ver -L unimacro_ver -L secureip --snapshot stream_parity_gen_tb_behav xil_defaultlib.stream_parity_gen_tb xil_defaultlib.glbl -log elaborate.log 
Using 2 slave threads.
Starting static elaboration
Pass Through NonSizing Optimizer
ERROR: [VRFC 10-3180] cannot find port 'WIDTH' on this module [D:/ECE/FPGA Training NTI/stream_parity_gen/stream_parity_gen.srcs/sources_1/new/stream_parity_tb.v:29]
ERROR: [VRFC 10-8530] module 'stream_parity_Generator_Channel_default' is ignored due to previous errors [D:/ECE/FPGA Training NTI/Even_parity_Generator_using_Generateblk/Even_parity_Generator_using_Generateblk.srcs/sources_1/new/even_parity_generate.v:22]
ERROR: [XSIM 43-3322] Static elaboration of top level Verilog design unit(s) in library work failed.
INFO: [USF-XSim-69] 'elaborate' step finished in '2' seconds
INFO: [USF-XSim-99] Step results log file:'D:/ECE/FPGA Training NTI/Even_parity_Generator_using_Generateblk/Even_parity_Generator_using_Generateblk.sim/sim_1/behav/xsim/elaborate.log'
ERROR: [USF-XSim-62] 'elaborate' step failed with error(s). Please check the Tcl console output or 'D:/ECE/FPGA Training NTI/Even_parity_Generator_using_Generateblk/Even_parity_Generator_using_Generateblk.sim/sim_1/behav/xsim/elaborate.log' file for more information.
ERROR: [Vivado 12-4473] Detected error while running simulation. Please correct the issue and retry this operation.
ERROR: [Common 17-39] 'launch_simulation' failed due to earlier errors.
refresh_design
INFO: [Synth 8-7079] Multithreading enabled for synth_design using a maximum of 2 processes.
INFO: [Common 17-41] Interrupt caught. Command should exit soon.
INFO: [Common 17-344] 'source' was cancelled
INFO: [Common 17-344] 'refresh_design' was cancelled
launch_simulation
Command: launch_simulation 
INFO: [Vivado 12-12493] Simulation top is 'stream_parity_gen_tb'
INFO: [Vivado 12-5682] Launching behavioral simulation in 'D:/ECE/FPGA Training NTI/Even_parity_Generator_using_Generateblk/Even_parity_Generator_using_Generateblk.sim/sim_1/behav/xsim'
INFO: [SIM-utils-51] Simulation object is 'sim_1'
INFO: [SIM-utils-72] Using boost library from 'C:/Xilinx/2025.1/Vivado/tps/boost_1_72_0'
INFO: [SIM-utils-54] Inspecting design source files for 'stream_parity_gen_tb' in fileset 'sim_1'...
INFO: [USF-XSim-97] Finding global include files...
INFO: [USF-XSim-98] Fetching design files from 'sim_1'...
INFO: [USF-XSim-2] XSim::Compile design
INFO: [USF-XSim-61] Executing 'COMPILE and ANALYZE' step in 'D:/ECE/FPGA Training NTI/Even_parity_Generator_using_Generateblk/Even_parity_Generator_using_Generateblk.sim/sim_1/behav/xsim'
"xvlog --incr --relax -prj stream_parity_gen_tb_vlog.prj"
INFO: [VRFC 10-2263] Analyzing Verilog file "D:/ECE/FPGA Training NTI/Even_parity_Generator_using_Generateblk/Even_parity_Generator_using_Generateblk.srcs/sources_1/new/even_parity_generate.v" into library xil_defaultlib
INFO: [VRFC 10-311] analyzing module stream_parity_Generator_Channel
INFO: [VRFC 10-311] analyzing module register
INFO: [VRFC 10-311] analyzing module even_parity_generate
INFO: [VRFC 10-2263] Analyzing Verilog file "D:/ECE/FPGA Training NTI/stream_parity_gen/stream_parity_gen.srcs/sources_1/new/stream_parity_tb.v" into library xil_defaultlib
INFO: [VRFC 10-311] analyzing module stream_parity_gen_tb
INFO: [USF-XSim-69] 'compile' step finished in '1' seconds
INFO: [USF-XSim-3] XSim::Elaborate design
INFO: [USF-XSim-61] Executing 'ELABORATE' step in 'D:/ECE/FPGA Training NTI/Even_parity_Generator_using_Generateblk/Even_parity_Generator_using_Generateblk.sim/sim_1/behav/xsim'
"xelab --incr --debug typical --relax --mt 2 -L xil_defaultlib -L unisims_ver -L unimacro_ver -L secureip --snapshot stream_parity_gen_tb_behav xil_defaultlib.stream_parity_gen_tb xil_defaultlib.glbl -log elaborate.log"
Vivado Simulator v2025.1.0
Copyright 1986-2022 Xilinx, Inc. All Rights Reserved.
Copyright 2022-2025 Advanced Micro Devices, Inc. All Rights Reserved.
Running: C:/Xilinx/2025.1/Vivado/bin/unwrapped/win64.o/xelab.exe --incr --debug typical --relax --mt 2 -L xil_defaultlib -L unisims_ver -L unimacro_ver -L secureip --snapshot stream_parity_gen_tb_behav xil_defaultlib.stream_parity_gen_tb xil_defaultlib.glbl -log elaborate.log 
Using 2 slave threads.
Starting static elaboration
Pass Through NonSizing Optimizer
Completed static elaboration
Starting simulation data flow analysis
Completed simulation data flow analysis
Time Resolution for simulation is 1ps
Compiling module xil_defaultlib.register
Compiling module xil_defaultlib.stream_parity_Generator_Channel_...
Compiling module xil_defaultlib.stream_parity_gen_tb
Compiling module xil_defaultlib.glbl
Built simulation snapshot stream_parity_gen_tb_behav
INFO: [USF-XSim-69] 'elaborate' step finished in '2' seconds
INFO: [USF-XSim-4] XSim::Simulate design
INFO: [USF-XSim-61] Executing 'SIMULATE' step in 'D:/ECE/FPGA Training NTI/Even_parity_Generator_using_Generateblk/Even_parity_Generator_using_Generateblk.sim/sim_1/behav/xsim'
INFO: [USF-XSim-98] *** Running xsim
   with args "stream_parity_gen_tb_behav -key {Behavioral:sim_1:Functional:stream_parity_gen_tb} -tclbatch {stream_parity_gen_tb.tcl} -log {simulate.log}"
INFO: [USF-XSim-8] Loading simulator feature
Time resolution is 1 ps
source stream_parity_gen_tb.tcl
# set curr_wave [current_wave_config]
# if { [string length $curr_wave] == 0 } {
#   if { [llength [get_objects]] > 0} {
#     add_wave /
#     set_property needs_save false [current_wave_config]
#   } else {
#      send_msg_id Add_Wave-1 WARNING "No top level signals found. Simulator will start without a wave window. If you want to open a wave window go to 'File->New Waveform Configuration' or type 'create_wave_config' in the TCL console."
#   }
# }
# run 1000ns
Time = 0 | serial_in = 0 | Internal stream_in = xxxxxxxx | parity_out = x
Time = 5 | serial_in = 0 | Internal stream_in = 00000000 | parity_out = 0
Time = 190 | serial_in = 1 | Internal stream_in = 00000000 | parity_out = 0
Time = 195 | serial_in = 1 | Internal stream_in = 00000001 | parity_out = 0
Time = 205 | serial_in = 1 | Internal stream_in = 00000011 | parity_out = 1
Time = 210 | serial_in = 0 | Internal stream_in = 00000011 | parity_out = 1
Time = 215 | serial_in = 0 | Internal stream_in = 00000110 | parity_out = 0
Time = 225 | serial_in = 0 | Internal stream_in = 00001100 | parity_out = 0
Time = 235 | serial_in = 0 | Internal stream_in = 00011000 | parity_out = 0
Time = 245 | serial_in = 0 | Internal stream_in = 00110000 | parity_out = 0
Time = 255 | serial_in = 0 | Internal stream_in = 01100000 | parity_out = 0
Time = 265 | serial_in = 0 | Internal stream_in = 11000000 | parity_out = 0
Time = 270 | serial_in = 1 | Internal stream_in = 11000000 | parity_out = 0
Time = 275 | serial_in = 1 | Internal stream_in = 10000001 | parity_out = 0
Time = 280 | serial_in = 0 | Internal stream_in = 10000001 | parity_out = 0
Time = 285 | serial_in = 0 | Internal stream_in = 00000010 | parity_out = 0
Time = 295 | serial_in = 0 | Internal stream_in = 00000100 | parity_out = 1
Time = 305 | serial_in = 0 | Internal stream_in = 00001000 | parity_out = 1
Time = 315 | serial_in = 0 | Internal stream_in = 00010000 | parity_out = 1
Time = 325 | serial_in = 0 | Internal stream_in = 00100000 | parity_out = 1
Time = 335 | serial_in = 0 | Internal stream_in = 01000000 | parity_out = 1
Time = 345 | serial_in = 0 | Internal stream_in = 10000000 | parity_out = 1
Time = 355 | serial_in = 0 | Internal stream_in = 00000000 | parity_out = 1
Time = 360 | serial_in = 1 | Internal stream_in = 00000000 | parity_out = 1
Time = 365 | serial_in = 1 | Internal stream_in = 00000001 | parity_out = 0
Time = 375 | serial_in = 1 | Internal stream_in = 00000011 | parity_out = 1
Time = 385 | serial_in = 1 | Internal stream_in = 00000111 | parity_out = 0
Time = 390 | serial_in = 0 | Internal stream_in = 00000111 | parity_out = 0
Time = 395 | serial_in = 0 | Internal stream_in = 00001110 | parity_out = 1
Time = 405 | serial_in = 0 | Internal stream_in = 00011100 | parity_out = 1
Time = 415 | serial_in = 0 | Internal stream_in = 00111000 | parity_out = 1
Time = 425 | serial_in = 0 | Internal stream_in = 01110000 | parity_out = 1
Time = 435 | serial_in = 0 | Internal stream_in = 11100000 | parity_out = 1
Time = 440 | serial_in = 1 | Internal stream_in = 11100000 | parity_out = 1
Time = 445 | serial_in = 1 | Internal stream_in = 11000001 | parity_out = 1
Time = 450 | serial_in = 0 | Internal stream_in = 11000001 | parity_out = 1
Time = 455 | serial_in = 0 | Internal stream_in = 10000010 | parity_out = 1
Time = 465 | serial_in = 0 | Internal stream_in = 00000100 | parity_out = 0
Time = 475 | serial_in = 0 | Internal stream_in = 00001000 | parity_out = 1
Time = 485 | serial_in = 0 | Internal stream_in = 00010000 | parity_out = 1
Time = 495 | serial_in = 0 | Internal stream_in = 00100000 | parity_out = 1
Time = 505 | serial_in = 0 | Internal stream_in = 01000000 | parity_out = 1
Time = 515 | serial_in = 0 | Internal stream_in = 10000000 | parity_out = 1
Time = 525 | serial_in = 0 | Internal stream_in = 00000000 | parity_out = 1
Time = 530 | serial_in = 1 | Internal stream_in = 00000000 | parity_out = 1
Time = 535 | serial_in = 1 | Internal stream_in = 00000001 | parity_out = 0
Time = 540 | serial_in = 0 | Internal stream_in = 00000001 | parity_out = 0
Time = 545 | serial_in = 0 | Internal stream_in = 00000010 | parity_out = 1
Time = 550 | serial_in = 1 | Internal stream_in = 00000010 | parity_out = 1
Time = 555 | serial_in = 1 | Internal stream_in = 00000101 | parity_out = 1
Time = 565 | serial_in = 1 | Internal stream_in = 00001011 | parity_out = 0
Time = 570 | serial_in = 0 | Internal stream_in = 00001011 | parity_out = 0
Time = 575 | serial_in = 0 | Internal stream_in = 00010110 | parity_out = 1
Time = 585 | serial_in = 0 | Internal stream_in = 00101100 | parity_out = 1
Time = 595 | serial_in = 0 | Internal stream_in = 01011000 | parity_out = 1
Time = 605 | serial_in = 0 | Internal stream_in = 10110000 | parity_out = 1
Time = 615 | serial_in = 0 | Internal stream_in = 01100000 | parity_out = 1
Time = 620 | serial_in = 1 | Internal stream_in = 01100000 | parity_out = 1
Time = 625 | serial_in = 1 | Internal stream_in = 11000001 | parity_out = 0
Time = 635 | serial_in = 1 | Internal stream_in = 10000011 | parity_out = 1
Time = 640 | serial_in = 0 | Internal stream_in = 10000011 | parity_out = 1
Time = 645 | serial_in = 0 | Internal stream_in = 00000110 | parity_out = 1
Time = 655 | serial_in = 0 | Internal stream_in = 00001100 | parity_out = 0
Time = 665 | serial_in = 0 | Internal stream_in = 00011000 | parity_out = 0
Time = 675 | serial_in = 0 | Internal stream_in = 00110000 | parity_out = 0
Time = 685 | serial_in = 0 | Internal stream_in = 01100000 | parity_out = 0
Time = 695 | serial_in = 0 | Internal stream_in = 11000000 | parity_out = 0
Time = 705 | serial_in = 0 | Internal stream_in = 10000000 | parity_out = 0
Time = 710 | serial_in = 1 | Internal stream_in = 10000000 | parity_out = 0
Time = 715 | serial_in = 1 | Internal stream_in = 00000001 | parity_out = 1
Time = 725 | serial_in = 1 | Internal stream_in = 00000011 | parity_out = 1
Time = 735 | serial_in = 1 | Internal stream_in = 00000111 | parity_out = 0
Time = 745 | serial_in = 1 | Internal stream_in = 00001111 | parity_out = 1
Time = 750 | serial_in = 0 | Internal stream_in = 00001111 | parity_out = 1
Time = 755 | serial_in = 0 | Internal stream_in = 00011110 | parity_out = 0
Time = 765 | serial_in = 0 | Internal stream_in = 00111100 | parity_out = 0
Time = 775 | serial_in = 0 | Internal stream_in = 01111000 | parity_out = 0
Time = 785 | serial_in = 0 | Internal stream_in = 11110000 | parity_out = 0
Time = 790 | serial_in = 1 | Internal stream_in = 11110000 | parity_out = 0
Time = 795 | serial_in = 1 | Internal stream_in = 11100001 | parity_out = 0
Time = 800 | serial_in = 0 | Internal stream_in = 11100001 | parity_out = 0
Time = 805 | serial_in = 0 | Internal stream_in = 11000010 | parity_out = 0
Time = 815 | serial_in = 0 | Internal stream_in = 10000100 | parity_out = 1
Time = 825 | serial_in = 0 | Internal stream_in = 00001000 | parity_out = 0
Time = 835 | serial_in = 0 | Internal stream_in = 00010000 | parity_out = 1
Time = 845 | serial_in = 0 | Internal stream_in = 00100000 | parity_out = 1
Time = 855 | serial_in = 0 | Internal stream_in = 01000000 | parity_out = 1
Time = 865 | serial_in = 0 | Internal stream_in = 10000000 | parity_out = 1
Time = 875 | serial_in = 0 | Internal stream_in = 00000000 | parity_out = 1
Time = 880 | serial_in = 1 | Internal stream_in = 00000000 | parity_out = 1
Time = 885 | serial_in = 1 | Internal stream_in = 00000001 | parity_out = 0
Time = 890 | serial_in = 0 | Internal stream_in = 00000001 | parity_out = 0
Time = 895 | serial_in = 0 | Internal stream_in = 00000010 | parity_out = 1
Time = 905 | serial_in = 0 | Internal stream_in = 00000100 | parity_out = 1
Time = 910 | serial_in = 1 | Internal stream_in = 00000100 | parity_out = 1
Time = 915 | serial_in = 1 | Internal stream_in = 00001001 | parity_out = 1
Time = 925 | serial_in = 1 | Internal stream_in = 00010011 | parity_out = 0
Time = 930 | serial_in = 0 | Internal stream_in = 00010011 | parity_out = 0
Time = 935 | serial_in = 0 | Internal stream_in = 00100110 | parity_out = 1
Time = 945 | serial_in = 0 | Internal stream_in = 01001100 | parity_out = 1
Time = 955 | serial_in = 0 | Internal stream_in = 10011000 | parity_out = 1
Time = 965 | serial_in = 0 | Internal stream_in = 00110000 | parity_out = 1
Time = 970 | serial_in = 1 | Internal stream_in = 00110000 | parity_out = 1
Time = 975 | serial_in = 1 | Internal stream_in = 01100001 | parity_out = 0
Time = 980 | serial_in = 0 | Internal stream_in = 01100001 | parity_out = 0
Time = 985 | serial_in = 0 | Internal stream_in = 11000010 | parity_out = 1
Time = 990 | serial_in = 1 | Internal stream_in = 11000010 | parity_out = 1
Time = 995 | serial_in = 1 | Internal stream_in = 10000101 | parity_out = 1
Time = 1000 | serial_in = 0 | Internal stream_in = 10000101 | parity_out = 1
INFO: [USF-XSim-96] XSim completed. Design snapshot 'stream_parity_gen_tb_behav' loaded.
INFO: [USF-XSim-97] XSim simulation ran for 1000ns
launch_simulation: Time (s): cpu = 00:00:03 ; elapsed = 00:00:06 . Memory (MB): peak = 3585.719 ; gain = 0.000
WARNING: [filemgmt 56-199] Attempt to get parsing info during refresh. "On-the-fly" syntax checking information may be incorrect. [D:\ECE\FPGA Training NTI\stream_parity_gen\stream_parity_gen.srcs\sources_1\new\stream_parity_tb.v:]
WARNING: [filemgmt 56-199] Attempt to get parsing info during refresh. "On-the-fly" syntax checking information may be incorrect. [D:\ECE\FPGA Training NTI\Even_parity_Generator_using_Generateblk\Even_parity_Generator_using_Generateblk.srcs\sources_1\new\even_parity_generate.v:]
WARNING: [filemgmt 56-199] Attempt to get parsing info during refresh. "On-the-fly" syntax checking information may be incorrect. [D:\ECE\FPGA Training NTI\stream_parity_gen\stream_parity_gen.srcs\sources_1\new\stream_parity_tb.v:]
WARNING: [filemgmt 56-199] Attempt to get parsing info during refresh. "On-the-fly" syntax checking information may be incorrect. [D:\ECE\FPGA Training NTI\stream_parity_gen\stream_parity_gen.srcs\sources_1\new\stream_parity_tb.v:]
relaunch_sim
Command: launch_simulation -step compile -simset sim_1 -mode behavioral
INFO: [Vivado 12-12493] Simulation top is 'stream_parity_gen_tb'
INFO: [Vivado 12-5682] Launching behavioral simulation in 'D:/ECE/FPGA Training NTI/Even_parity_Generator_using_Generateblk/Even_parity_Generator_using_Generateblk.sim/sim_1/behav/xsim'
INFO: [SIM-utils-51] Simulation object is 'sim_1'
INFO: [SIM-utils-72] Using boost library from 'C:/Xilinx/2025.1/Vivado/tps/boost_1_72_0'
INFO: [SIM-utils-54] Inspecting design source files for 'stream_parity_gen_tb' in fileset 'sim_1'...
INFO: [USF-XSim-97] Finding global include files...
INFO: [USF-XSim-98] Fetching design files from 'sim_1'...
INFO: [USF-XSim-2] XSim::Compile design
INFO: [USF-XSim-61] Executing 'COMPILE and ANALYZE' step in 'D:/ECE/FPGA Training NTI/Even_parity_Generator_using_Generateblk/Even_parity_Generator_using_Generateblk.sim/sim_1/behav/xsim'
"xvlog --incr --relax -prj stream_parity_gen_tb_vlog.prj"
INFO: [VRFC 10-2263] Analyzing Verilog file "D:/ECE/FPGA Training NTI/Even_parity_Generator_using_Generateblk/Even_parity_Generator_using_Generateblk.srcs/sources_1/new/even_parity_generate.v" into library xil_defaultlib
INFO: [VRFC 10-311] analyzing module stream_parity_Generator_Channel
INFO: [VRFC 10-311] analyzing module register
INFO: [VRFC 10-311] analyzing module even_parity_generate
INFO: [VRFC 10-2263] Analyzing Verilog file "D:/ECE/FPGA Training NTI/stream_parity_gen/stream_parity_gen.srcs/sources_1/new/stream_parity_tb.v" into library xil_defaultlib
INFO: [VRFC 10-311] analyzing module stream_parity_gen_tb
INFO: [USF-XSim-69] 'compile' step finished in '2' seconds
Command: launch_simulation -step elaborate -simset sim_1 -mode behavioral
INFO: [Vivado 12-12493] Simulation top is 'stream_parity_gen_tb'
INFO: [Vivado 12-5682] Launching behavioral simulation in 'D:/ECE/FPGA Training NTI/Even_parity_Generator_using_Generateblk/Even_parity_Generator_using_Generateblk.sim/sim_1/behav/xsim'
INFO: [SIM-utils-51] Simulation object is 'sim_1'
INFO: [USF-XSim-3] XSim::Elaborate design
INFO: [USF-XSim-61] Executing 'ELABORATE' step in 'D:/ECE/FPGA Training NTI/Even_parity_Generator_using_Generateblk/Even_parity_Generator_using_Generateblk.sim/sim_1/behav/xsim'
"xelab --incr --debug typical --relax --mt 2 -L xil_defaultlib -L unisims_ver -L unimacro_ver -L secureip --snapshot stream_parity_gen_tb_behav xil_defaultlib.stream_parity_gen_tb xil_defaultlib.glbl -log elaborate.log"
Vivado Simulator v2025.1.0
Copyright 1986-2022 Xilinx, Inc. All Rights Reserved.
Copyright 2022-2025 Advanced Micro Devices, Inc. All Rights Reserved.
Running: C:/Xilinx/2025.1/Vivado/bin/unwrapped/win64.o/xelab.exe --incr --debug typical --relax --mt 2 -L xil_defaultlib -L unisims_ver -L unimacro_ver -L secureip --snapshot stream_parity_gen_tb_behav xil_defaultlib.stream_parity_gen_tb xil_defaultlib.glbl -log elaborate.log 
Using 2 slave threads.
Starting static elaboration
Pass Through NonSizing Optimizer
Completed static elaboration
Starting simulation data flow analysis
Completed simulation data flow analysis
Time Resolution for simulation is 1ps
Compiling module xil_defaultlib.register
Compiling module xil_defaultlib.stream_parity_Generator_Channel_...
Compiling module xil_defaultlib.stream_parity_gen_tb
Compiling module xil_defaultlib.glbl
Built simulation snapshot stream_parity_gen_tb_behav
INFO: [USF-XSim-69] 'elaborate' step finished in '2' seconds
Time resolution is 1 ps
Time = 0 | serial_in = 0 | Internal stream_in = xxxxxxxx | parity_out = x
Time = 5 | serial_in = 0 | Internal stream_in = 00000000 | parity_out = 0
Time = 190 | serial_in = 1 | Internal stream_in = 00000000 | parity_out = 0
Time = 195 | serial_in = 1 | Internal stream_in = 00000001 | parity_out = 0
Time = 200 | serial_in = 0 | Internal stream_in = 00000001 | parity_out = 0
Time = 205 | serial_in = 0 | Internal stream_in = 00000000 | parity_out = 0
Time = 280 | serial_in = 1 | Internal stream_in = 00000000 | parity_out = 0
Time = 285 | serial_in = 1 | Internal stream_in = 00000001 | parity_out = 0
Time = 290 | serial_in = 0 | Internal stream_in = 00000001 | parity_out = 0
Time = 295 | serial_in = 0 | Internal stream_in = 00000010 | parity_out = 1
Time = 305 | serial_in = 0 | Internal stream_in = 00000000 | parity_out = 0
Time = 380 | serial_in = 1 | Internal stream_in = 00000000 | parity_out = 0
Time = 385 | serial_in = 1 | Internal stream_in = 00000001 | parity_out = 0
Time = 395 | serial_in = 1 | Internal stream_in = 00000011 | parity_out = 1
Time = 400 | serial_in = 0 | Internal stream_in = 00000011 | parity_out = 1
Time = 405 | serial_in = 0 | Internal stream_in = 00000000 | parity_out = 0
Time = 470 | serial_in = 1 | Internal stream_in = 00000000 | parity_out = 0
Time = 475 | serial_in = 1 | Internal stream_in = 00000001 | parity_out = 0
Time = 480 | serial_in = 0 | Internal stream_in = 00000001 | parity_out = 0
Time = 485 | serial_in = 0 | Internal stream_in = 00000010 | parity_out = 1
Time = 495 | serial_in = 0 | Internal stream_in = 00000100 | parity_out = 1
Time = 505 | serial_in = 0 | Internal stream_in = 00000000 | parity_out = 0
Time = 570 | serial_in = 1 | Internal stream_in = 00000000 | parity_out = 0
Time = 575 | serial_in = 1 | Internal stream_in = 00000001 | parity_out = 0
Time = 580 | serial_in = 0 | Internal stream_in = 00000001 | parity_out = 0
Time = 585 | serial_in = 0 | Internal stream_in = 00000010 | parity_out = 1
Time = 590 | serial_in = 1 | Internal stream_in = 00000010 | parity_out = 1
Time = 595 | serial_in = 1 | Internal stream_in = 00000101 | parity_out = 1
Time = 600 | serial_in = 0 | Internal stream_in = 00000101 | parity_out = 1
Time = 605 | serial_in = 0 | Internal stream_in = 00000000 | parity_out = 0
Time = 670 | serial_in = 1 | Internal stream_in = 00000000 | parity_out = 0
Time = 675 | serial_in = 1 | Internal stream_in = 00000001 | parity_out = 0
Time = 685 | serial_in = 1 | Internal stream_in = 00000011 | parity_out = 1
Time = 690 | serial_in = 0 | Internal stream_in = 00000011 | parity_out = 1
Time = 695 | serial_in = 0 | Internal stream_in = 00000110 | parity_out = 0
Time = 705 | serial_in = 0 | Internal stream_in = 00000000 | parity_out = 0
Time = 770 | serial_in = 1 | Internal stream_in = 00000000 | parity_out = 0
Time = 775 | serial_in = 1 | Internal stream_in = 00000001 | parity_out = 0
Time = 785 | serial_in = 1 | Internal stream_in = 00000011 | parity_out = 1
Time = 795 | serial_in = 1 | Internal stream_in = 00000111 | parity_out = 0
Time = 800 | serial_in = 0 | Internal stream_in = 00000111 | parity_out = 0
Time = 805 | serial_in = 0 | Internal stream_in = 00000000 | parity_out = 0
Time = 860 | serial_in = 1 | Internal stream_in = 00000000 | parity_out = 0
Time = 865 | serial_in = 1 | Internal stream_in = 00000001 | parity_out = 0
Time = 870 | serial_in = 0 | Internal stream_in = 00000001 | parity_out = 0
Time = 875 | serial_in = 0 | Internal stream_in = 00000010 | parity_out = 1
Time = 885 | serial_in = 0 | Internal stream_in = 00000100 | parity_out = 1
Time = 895 | serial_in = 0 | Internal stream_in = 00001000 | parity_out = 1
Time = 905 | serial_in = 0 | Internal stream_in = 00000000 | parity_out = 0
Time = 960 | serial_in = 1 | Internal stream_in = 00000000 | parity_out = 0
Time = 965 | serial_in = 1 | Internal stream_in = 00000001 | parity_out = 0
Time = 970 | serial_in = 0 | Internal stream_in = 00000001 | parity_out = 0
Time = 975 | serial_in = 0 | Internal stream_in = 00000010 | parity_out = 1
Time = 985 | serial_in = 0 | Internal stream_in = 00000100 | parity_out = 1
Time = 990 | serial_in = 1 | Internal stream_in = 00000100 | parity_out = 1
Time = 995 | serial_in = 1 | Internal stream_in = 00001001 | parity_out = 1
Time = 1000 | serial_in = 0 | Internal stream_in = 00001001 | parity_out = 1
relaunch_sim: Time (s): cpu = 00:00:02 ; elapsed = 00:00:06 . Memory (MB): peak = 3585.719 ; gain = 0.000
