#-----------------------------------------------------------
# Vivado v2025.1 (64-bit)
# SW Build 6140274 on Thu May 22 00:12:29 MDT 2025
# IP Build 6138677 on Thu May 22 03:10:11 MDT 2025
# SharedData Build 6139179 on Tue May 20 17:58:58 MDT 2025
# Start of session at: Sun Jul 19 01:51:13 2026
# Process ID         : 11752
# Current directory  : D:/ECE/FPGA Training NTI/Even_parity_Generator_using_Generateblk
# Command line       : vivado.exe -gui_launcher_event rodinguilauncherevent20164 D:\ECE\FPGA Training NTI\Even_parity_Generator_using_Generateblk\Even_parity_Generator_using_Generateblk.xpr
# Log file           : D:/ECE/FPGA Training NTI/Even_parity_Generator_using_Generateblk/vivado.log
# Journal file       : D:/ECE/FPGA Training NTI/Even_parity_Generator_using_Generateblk\vivado.jou
# Running On         : MOHAMMED-SAEED
# Platform           : Windows Server 2016 or Windows 10
# Operating System   : 26200
# Processor Detail   : Intel(R) Core(TM) i7-8850H CPU @ 2.60GHz
# CPU Frequency      : 2592 MHz
# CPU Physical cores : 6
# CPU Logical cores  : 12
# Host memory        : 16960 MB
# Swap memory        : 3958 MB
# Total Virtual      : 20919 MB
# Available Virtual  : 2885 MB
#-----------------------------------------------------------
start_gui
open_project {D:/ECE/FPGA Training NTI/Even_parity_Generator_using_Generateblk/Even_parity_Generator_using_Generateblk.xpr}
update_compile_order -fileset sources_1
synth_design -rtl -rtl_skip_mlo -name rtl_1
refresh_design
refresh_design
launch_simulation
source stream_parity_gen_tb.tcl
close_sim
launch_simulation
source stream_parity_gen_tb.tcl
close_sim
launch_simulation
refresh_design
launch_simulation
source stream_parity_gen_tb.tcl
relaunch_sim
