#-----------------------------------------------------------
# Vivado v2025.1 (64-bit)
# SW Build 6140274 on Thu May 22 00:12:29 MDT 2025
# IP Build 6138677 on Thu May 22 03:10:11 MDT 2025
# SharedData Build 6139179 on Tue May 20 17:58:58 MDT 2025
# Start of session at: Mon Jul 13 22:50:37 2026
# Process ID         : 9076
# Current directory  : D:/ECE/FPGA Training NTI/Register_LAB7/Register_LAB7.runs/synth_1
# Command line       : vivado.exe -log register_test.vds -product Vivado -mode batch -messageDb vivado.pb -notrace -source register_test.tcl
# Log file           : D:/ECE/FPGA Training NTI/Register_LAB7/Register_LAB7.runs/synth_1/register_test.vds
# Journal file       : D:/ECE/FPGA Training NTI/Register_LAB7/Register_LAB7.runs/synth_1\vivado.jou
# Running On         : MOHAMMED-SAEED
# Platform           : Windows Server 2016 or Windows 10
# Operating System   : 26200
# Processor Detail   : Intel(R) Core(TM) i7-8850H CPU @ 2.60GHz
# CPU Frequency      : 2592 MHz
# CPU Physical cores : 6
# CPU Logical cores  : 12
# Host memory        : 16960 MB
# Swap memory        : 11944 MB
# Total Virtual      : 28905 MB
# Available Virtual  : 3367 MB
#-----------------------------------------------------------
source register_test.tcl -notrace
