#-----------------------------------------------------------
# Vivado v2025.1 (64-bit)
# SW Build 6140274 on Thu May 22 00:12:29 MDT 2025
# IP Build 6138677 on Thu May 22 03:10:11 MDT 2025
# SharedData Build 6139179 on Tue May 20 17:58:58 MDT 2025
# Start of session at: Mon Jul 13 16:17:06 2026
# Process ID         : 1876
# Current directory  : D:/ECE/FPGA Training NTI/MUX
# Command line       : vivado.exe -gui_launcher_event rodinguilauncherevent27504 D:\ECE\FPGA Training NTI\MUX\MUX.xpr
# Log file           : D:/ECE/FPGA Training NTI/MUX/vivado.log
# Journal file       : D:/ECE/FPGA Training NTI/MUX\vivado.jou
# Running On         : MOHAMMED-SAEED
# Platform           : Windows Server 2016 or Windows 10
# Operating System   : 26200
# Processor Detail   : Intel(R) Core(TM) i7-8850H CPU @ 2.60GHz
# CPU Frequency      : 2592 MHz
# CPU Physical cores : 6
# CPU Logical cores  : 12
# Host memory        : 16960 MB
# Swap memory        : 3278 MB
# Total Virtual      : 20239 MB
# Available Virtual  : 5945 MB
#-----------------------------------------------------------
start_gui
open_project {D:/ECE/FPGA Training NTI/MUX/MUX.xpr}
update_compile_order -fileset sources_1
close_project
create_project Controller_LAB6 {D:/ECE/FPGA Training NTI/Controller_LAB6} -part xc7vx485tffg1157-1
file mkdir D:/ECE/FPGA Training NTI/Controller_LAB6/Controller_LAB6.srcs/sources_1/new
file mkdir D:/ECE/FPGA Training NTI/Controller_LAB6/Controller_LAB6.srcs/sources_1/new
add_files -norecurse {{D:/ECE/FPGA Training NTI/controller_test.v}}
file mkdir D:/ECE/FPGA Training NTI/Controller_LAB6/Controller_LAB6.srcs/sources_1/new
file mkdir {D:/ECE/FPGA Training NTI/Controller_LAB6/Controller_LAB6.srcs/sources_1/new}
close [ open {D:/ECE/FPGA Training NTI/Controller_LAB6/Controller_LAB6.srcs/sources_1/new/controller.v} w ]
add_files {{D:/ECE/FPGA Training NTI/Controller_LAB6/Controller_LAB6.srcs/sources_1/new/controller.v}}
update_compile_order -fileset sources_1
launch_simulation
source controller_test.tcl
launch_runs synth_1 -jobs 6
wait_on_run synth_1
reset_run synth_1
launch_runs synth_1 -jobs 6
wait_on_run synth_1
reset_run synth_1
launch_runs synth_1 -jobs 6
wait_on_run synth_1
launch_runs impl_1 -jobs 6
wait_on_run impl_1
open_run synth_1 -name synth_1
reset_run synth_1
launch_runs synth_1 -jobs 6
wait_on_run synth_1
close_design
open_run synth_1 -name synth_1
close_sim
