#-----------------------------------------------------------
# Vivado v2025.1 (64-bit)
# SW Build 6140274 on Thu May 22 00:12:29 MDT 2025
# IP Build 6138677 on Thu May 22 03:10:11 MDT 2025
# SharedData Build 6139179 on Tue May 20 17:58:58 MDT 2025
# Start of session at: Sat Jul 11 17:23:14 2026
# Process ID         : 22952
# Current directory  : D:/ECE/FPGA Training NTI/Day1
# Command line       : vivado.exe -gui_launcher_event rodinguilauncherevent20816 D:\ECE\FPGA Training NTI\Day1\Day1.xpr
# Log file           : D:/ECE/FPGA Training NTI/Day1/vivado.log
# Journal file       : D:/ECE/FPGA Training NTI/Day1\vivado.jou
# Running On         : MOHAMMED-SAEED
# Platform           : Windows Server 2016 or Windows 10
# Operating System   : 26200
# Processor Detail   : Intel(R) Core(TM) i7-8850H CPU @ 2.60GHz
# CPU Frequency      : 2592 MHz
# CPU Physical cores : 6
# CPU Logical cores  : 12
# Host memory        : 16960 MB
# Swap memory        : 3278 MB
# Total Virtual      : 20239 MB
# Available Virtual  : 4904 MB
#-----------------------------------------------------------
start_gui
open_project {D:/ECE/FPGA Training NTI/Day1/Day1.xpr}
update_compile_order -fileset sources_1
close [ open {D:/ECE/FPGA Training NTI/Day1/Day1.srcs/sources_1/new/FA_1B.v} w ]
add_files {{D:/ECE/FPGA Training NTI/Day1/Day1.srcs/sources_1/new/FA_1B.v}}
update_compile_order -fileset sources_1
close [ open {D:/ECE/FPGA Training NTI/Day1/Day1.srcs/sources_1/new/FA_Struct.v} w ]
add_files {{D:/ECE/FPGA Training NTI/Day1/Day1.srcs/sources_1/new/FA_Struct.v}}
update_compile_order -fileset sources_1
update_compile_order -fileset sources_1
