Time resolution is 1 ps
*** Testing UP Counting ***
 Time=20 | UP=1 | RST=0 || Behavioral=00 | Gate-Level=00 | Structural=00 | Next Count =01
 TEST PASSED at Time 20 

 Time=30 | UP=1 | RST=0 || Behavioral=01 | Gate-Level=01 | Structural=01 | Next Count =10
 TEST PASSED at Time 30 

 Time=40 | UP=1 | RST=0 || Behavioral=10 | Gate-Level=10 | Structural=10 | Next Count =11
 TEST PASSED at Time 40 

 Time=50 | UP=1 | RST=0 || Behavioral=11 | Gate-Level=11 | Structural=11 | Next Count =00
 TEST PASSED at Time 50 

 Time=60 | UP=1 | RST=0 || Behavioral=00 | Gate-Level=00 | Structural=00 | Next Count =01
 TEST PASSED at Time 60 


 *** Testing DOWN Counting ***
 Time=70 | UP=0 | RST=0 || Behavioral=11 | Gate-Level=11 | Structural=11 | Next Count =10
 TEST PASSED at Time 70 

 Time=80 | UP=0 | RST=0 || Behavioral=10 | Gate-Level=10 | Structural=10 | Next Count =01
 TEST PASSED at Time 80 

 Time=90 | UP=0 | RST=0 || Behavioral=01 | Gate-Level=01 | Structural=01 | Next Count =00
 TEST PASSED at Time 90 

 Time=100 | UP=0 | RST=0 || Behavioral=00 | Gate-Level=00 | Structural=00 | Next Count =11
 TEST PASSED at Time 100 

 Time=110 | UP=0 | RST=0 || Behavioral=11 | Gate-Level=11 | Structural=11 | Next Count =10
 TEST PASSED at Time 110 


 *** Testing Asynchronous Reset ***
RESET Asserted at Time=113
[RESET De-asserted at Time=123
 Time=130 | UP=1 | RST=0 || Behavioral=01 | Gate-Level=01 | Structural=01 | Next Count =10
 TEST PASSED at Time 130 

 Time=140 | UP=1 | RST=0 || Behavioral=10 | Gate-Level=10 | Structural=10 | Next Count =11
 TEST PASSED at Time 140 

$stop called at time : 140 ns : File "D:/ECE/FPGA Training NTI/up_down_counter/up_down_counter.srcs/sources_1/new/Counter_TB.v" Line 118
