#-----------------------------------------------------------
# Vivado v2025.1 (64-bit)
# SW Build 6140274 on Thu May 22 00:12:29 MDT 2025
# IP Build 6138677 on Thu May 22 03:10:11 MDT 2025
# SharedData Build 6139179 on Tue May 20 17:58:58 MDT 2025
# Start of session at: Mon Jul 13 23:07:13 2026
# Process ID         : 22908
# Current directory  : D:/ECE/FPGA Training NTI/Controller_LAB6/Controller_LAB6.runs/synth_1
# Command line       : vivado.exe -log controller_test.vds -product Vivado -mode batch -messageDb vivado.pb -notrace -source controller_test.tcl
# Log file           : D:/ECE/FPGA Training NTI/Controller_LAB6/Controller_LAB6.runs/synth_1/controller_test.vds
# Journal file       : D:/ECE/FPGA Training NTI/Controller_LAB6/Controller_LAB6.runs/synth_1\vivado.jou
# Running On         : MOHAMMED-SAEED
# Platform           : Windows Server 2016 or Windows 10
# Operating System   : 26200
# Processor Detail   : Intel(R) Core(TM) i7-8850H CPU @ 2.60GHz
# CPU Frequency      : 2592 MHz
# CPU Physical cores : 6
# CPU Logical cores  : 12
# Host memory        : 16960 MB
# Swap memory        : 11849 MB
# Total Virtual      : 28810 MB
# Available Virtual  : 5859 MB
#-----------------------------------------------------------
source controller_test.tcl -notrace
