Time resolution is 1 ps
1. DETECTION TEST 

Time=20 | Serial in=0  | Mealy_Over=0 | Moore_Over=0 | Mealy_Non=0 | Moore_Non=0
Time=30 | Serial in=1  | Mealy_Over=0 | Moore_Over=0 | Mealy_Non=0 | Moore_Non=0
Time=50 | Serial in=0  | Mealy_Over=0 | Moore_Over=0 | Mealy_Non=0 | Moore_Non=0
Time=60 | Serial in=1  | Mealy_Over=0 | Moore_Over=0 | Mealy_Non=0 | Moore_Non=0
Time=70 | Serial in=0  | Mealy_Over=0 | Moore_Over=0 | Mealy_Non=0 | Moore_Non=0
Time=80 | Serial in=1  | Mealy_Over=1 | Moore_Over=0 | Mealy_Non=1 | Moore_Non=0
Detection Success , Overlapping detector With mealy PASSED 

Detection Success , Non-Overlapping detector With mealy PASSED 

Time=85 | Serial in=1  | Mealy_Over=0 | Moore_Over=1 | Mealy_Non=0 | Moore_Non=1
Detection Success , Overlapping detector With Moore PASSED 
 
Detection Success , Non-Overlapping detector With Moore PASSED 

2. Overlapping DETECTION TEST 

Time=95 | Serial in=1  | Mealy_Over=0 | Moore_Over=0 | Mealy_Non=0 | Moore_Non=0
Time=110 | Serial in=0  | Mealy_Over=0 | Moore_Over=0 | Mealy_Non=0 | Moore_Non=0
Time=120 | Serial in=1  | Mealy_Over=0 | Moore_Over=0 | Mealy_Non=0 | Moore_Non=0
Time=130 | Serial in=0  | Mealy_Over=0 | Moore_Over=0 | Mealy_Non=0 | Moore_Non=0
Detection Failed , Non-Overlapping detector With mealy PASSED 

Detection Failed , Non-Overlapping detector With Moore PASSED 

Time=140 | Serial in=1  | Mealy_Over=1 | Moore_Over=0 | Mealy_Non=1 | Moore_Non=0
Detection Success , Overlapping detector With mealy PASSED 

Time=145 | Serial in=1  | Mealy_Over=0 | Moore_Over=1 | Mealy_Non=0 | Moore_Non=1
Detection Success , Overlapping detector With Moore PASSED 
 
Time=150 | Serial in=1  | Mealy_Over=0 | Moore_Over=0 | Mealy_Non=0 | Moore_Non=0
 Corner Case Test of S4 to S2
Time=200 | Serial in=0  | Mealy_Over=0 | Moore_Over=0 | Mealy_Non=0 | Moore_Non=0
Time=210 | Serial in=1  | Mealy_Over=0 | Moore_Over=0 | Mealy_Non=0 | Moore_Non=0
---Present state_mealy_over: 100 >> Next State_mealy_over: 010 | Present state_mealy_nonover: 100 >> Next State_mealy_nonover: 010 | Present state_moore_over: 100 >> Next State_moore_over: 010  | Present state_moore_nonover: 100 >> Next State_moore_nonover: 010----

 Mealy Glitch / Asynchronous Dependence
Time=270 | Serial in=0  | Mealy_Over=0 | Moore_Over=0 | Mealy_Non=0 | Moore_Non=0
Time=280 | Serial in=1  | Mealy_Over=0 | Moore_Over=0 | Mealy_Non=0 | Moore_Non=0
---Present state_mealy_over: 100 >> Next State_mealy_over: 010 | Present state_mealy_nonover: 100 >> Next State_mealy_nonover: 010 | Present state_moore_over: 100 >> Next State_moore_over: 010  | Present state_moore_nonover: 100 >> Next State_moore_nonover: 010----
Time=290 | Serial in=0  | Mealy_Over=0 | Moore_Over=0 | Mealy_Non=0 | Moore_Non=0
Mealy Glitch is High before clk cycle complete
---Present state_mealy_over: 101 >> Next State_mealy_over: 000 | Present state_mealy_nonover: 101 >> Next State_mealy_nonover: 000 | Present state_moore_over: 101 >> Next State_moore_over: 000  | Present state_moore_nonover: 101 >> Next State_moore_nonover: 000----
Time=297 | Serial in=1  | Mealy_Over=1 | Moore_Over=0 | Mealy_Non=1 | Moore_Non=0
---Present state_mealy_over: 101 >> Next State_mealy_over: 001 | Present state_mealy_nonover: 101 >> Next State_mealy_nonover: 000 | Present state_moore_over: 101 >> Next State_moore_over: 110  | Present state_moore_nonover: 101 >> Next State_moore_nonover: 110----
Time=301 | Serial in=0  | Mealy_Over=0 | Moore_Over=0 | Mealy_Non=0 | Moore_Non=0
$stop called at time : 335 ns : File "D:/ECE/FPGA Training NTI/Sequence_detector_overlapping_nonoverlapping/Sequence_detector_overlapping.srcs/sources_1/new/seq_detector_TB.v" Line 188
