Time resolution is 1 ps

--- Test 1: Initial state (level=0) ---
Time = 20 | level=0 | tick_mealy=0 | tick_moore=0
   [PASSED] Both outputs should be 0

--- Test 2: Rising edge (level 0 -> 1) ---
Time = 30 | level=1 | tick_mealy=1 | tick_moore=0
   [PASSED] eacts immediately, Moore still 0
Time = 35 | level=1 | tick_mealy=0 | tick_moore=1
   [PASSED] cts after posedge, Mealy turns 0

--- Test 3: Falling edge (level 1 -> 0) ---
Time = 40 | level=0 | tick_mealy=0 | tick_moore=1
Time = 45 | level=0 | tick_mealy=0 | tick_moore=0
   [PASSED] alling edge: outputs should be 0
   [PASSED] After posedge: outputs remain 0

--- Test 4: Long press (Holding level=1) ---
Time = 60 | level=1 | tick_mealy=1 | tick_moore=0
   [PASSED] Mealy detects edge
Time = 65 | level=1 | tick_mealy=0 | tick_moore=1
   [PASSED] Moore detects edge, Mealy off
Time = 75 | level=1 | tick_mealy=0 | tick_moore=0
   [PASSED] Cycle 3: Both outputs must be 0
   [PASSED] Cycle 4: Both outputs remain 0
>>> ALL 9 TESTS PASSED <<<
$finish called at time : 87 ns : File "D:/ECE/FPGA Training NTI/Rising_Edge_Detector/Rising_Edge_Detector.srcs/sources_1/new/Rising_edge_mealy_tb.v" Line 136
